Component: ARM Compiler 5.06 update 6 (build 750) Tool: armlink [4d35ed]

==============================================================================

Section Cross References

    startup_stm32f407xx.o(RESET) refers to startup_stm32f407xx.o(STACK) for __initial_sp
    startup_stm32f407xx.o(RESET) refers to startup_stm32f407xx.o(.text) for Reset_Handler
    startup_stm32f407xx.o(RESET) refers to stm32f4xx_it.o(i.NMI_Handler) for NMI_Handler
    startup_stm32f407xx.o(RESET) refers to stm32f4xx_it.o(i.HardFault_Handler) for HardFault_Handler
    startup_stm32f407xx.o(RESET) refers to stm32f4xx_it.o(i.MemManage_Handler) for MemManage_Handler
    startup_stm32f407xx.o(RESET) refers to stm32f4xx_it.o(i.BusFault_Handler) for BusFault_Handler
    startup_stm32f407xx.o(RESET) refers to stm32f4xx_it.o(i.UsageFault_Handler) for UsageFault_Handler
    startup_stm32f407xx.o(RESET) refers to stm32f4xx_it.o(i.SVC_Handler) for SVC_Handler
    startup_stm32f407xx.o(RESET) refers to stm32f4xx_it.o(i.DebugMon_Handler) for DebugMon_Handler
    startup_stm32f407xx.o(RESET) refers to stm32f4xx_it.o(i.PendSV_Handler) for PendSV_Handler
    startup_stm32f407xx.o(RESET) refers to stm32f4xx_it.o(i.SysTick_Handler) for SysTick_Handler
    startup_stm32f407xx.o(RESET) refers to stm32f4xx_it.o(i.USART1_IRQHandler) for USART1_IRQHandler
    startup_stm32f407xx.o(RESET) refers to stm32f4xx_it.o(i.USART2_IRQHandler) for USART2_IRQHandler
    startup_stm32f407xx.o(RESET) refers to stm32f4xx_it.o(i.DMA2_Stream3_IRQHandler) for DMA2_Stream3_IRQHandler
    startup_stm32f407xx.o(RESET) refers to stm32f4xx_it.o(i.DMA2_Stream6_IRQHandler) for DMA2_Stream6_IRQHandler
    startup_stm32f407xx.o(.text) refers to system_stm32f4xx.o(i.SystemInit) for SystemInit
    startup_stm32f407xx.o(.text) refers to entry.o(.ARM.Collect$$$$00000000) for __main
    key.o(i.JzKey) refers to memseta.o(.text) for __aeabi_memclr4
    key.o(i.JzKey) refers to stm32f4xx_hal_gpio.o(i.HAL_GPIO_Init) for HAL_GPIO_Init
    key.o(i.JzKey) refers to stm32f4xx_hal_gpio.o(i.HAL_GPIO_WritePin) for HAL_GPIO_WritePin
    key.o(i.JzKey) refers to stm32f4xx_hal.o(i.HAL_Delay) for HAL_Delay
    lcd.o(i.HAL_SRAM_MspInit) refers to stm32f4xx_hal_gpio.o(i.HAL_GPIO_Init) for HAL_GPIO_Init
    lcd.o(i.LCD_Clear) refers to lcd.o(i.LCD_SetCursor) for LCD_SetCursor
    lcd.o(i.LCD_Clear) refers to lcd.o(i.LCD_WriteRAM_Prepare) for LCD_WriteRAM_Prepare
    lcd.o(i.LCD_Clear) refers to lcd.o(.bss) for .bss
    lcd.o(i.LCD_Color_Fill) refers to lcd.o(i.LCD_SetCursor) for LCD_SetCursor
    lcd.o(i.LCD_Color_Fill) refers to lcd.o(i.LCD_WriteRAM_Prepare) for LCD_WriteRAM_Prepare
    lcd.o(i.LCD_DisplayOff) refers to lcd.o(i.LCD_WR_REG) for LCD_WR_REG
    lcd.o(i.LCD_DisplayOff) refers to lcd.o(.bss) for .bss
    lcd.o(i.LCD_DisplayOn) refers to lcd.o(i.LCD_WR_REG) for LCD_WR_REG
    lcd.o(i.LCD_DisplayOn) refers to lcd.o(.bss) for .bss
    lcd.o(i.LCD_Display_Dir) refers to lcd.o(i.LCD_Scan_Dir) for LCD_Scan_Dir
    lcd.o(i.LCD_Display_Dir) refers to lcd.o(.bss) for .bss
    lcd.o(i.LCD_DrawLine) refers to lcd.o(i.LCD_DrawPoint) for LCD_DrawPoint
    lcd.o(i.LCD_DrawPoint) refers to lcd.o(i.LCD_SetCursor) for LCD_SetCursor
    lcd.o(i.LCD_DrawPoint) refers to lcd.o(i.LCD_WriteRAM_Prepare) for LCD_WriteRAM_Prepare
    lcd.o(i.LCD_DrawPoint) refers to lcd.o(.data) for .data
    lcd.o(i.LCD_DrawRectangle) refers to lcd.o(i.LCD_DrawLine) for LCD_DrawLine
    lcd.o(i.LCD_Draw_Circle) refers to lcd.o(i.LCD_DrawPoint) for LCD_DrawPoint
    lcd.o(i.LCD_Fast_DrawPoint) refers to lcd.o(i.LCD_WR_REG) for LCD_WR_REG
    lcd.o(i.LCD_Fast_DrawPoint) refers to lcd.o(i.LCD_WR_DATA) for LCD_WR_DATA
    lcd.o(i.LCD_Fast_DrawPoint) refers to lcd.o(.bss) for .bss
    lcd.o(i.LCD_Fill) refers to lcd.o(i.LCD_SetCursor) for LCD_SetCursor
    lcd.o(i.LCD_Fill) refers to lcd.o(i.LCD_WriteRAM_Prepare) for LCD_WriteRAM_Prepare
    lcd.o(i.LCD_Init) refers to stm32f4xx_hal_gpio.o(i.HAL_GPIO_Init) for HAL_GPIO_Init
    lcd.o(i.LCD_Init) refers to stm32f4xx_hal_sram.o(i.HAL_SRAM_Init) for HAL_SRAM_Init
    lcd.o(i.LCD_Init) refers to stm32f4xx_hal.o(i.HAL_Delay) for HAL_Delay
    lcd.o(i.LCD_Init) refers to lcd.o(i.LCD_WR_REG) for LCD_WR_REG
    lcd.o(i.LCD_Init) refers to lcd.o(i.LCD_RD_DATA) for LCD_RD_DATA
    lcd.o(i.LCD_Init) refers to lcd.o(i.LCD_WriteReg) for LCD_WriteReg
    lcd.o(i.LCD_Init) refers to lcd.o(i.LCD_WR_DATA) for LCD_WR_DATA
    lcd.o(i.LCD_Init) refers to lcd.o(.bss) for .bss
    lcd.o(i.LCD_Init) refers to main.o(i.HAL_Delay_us) for HAL_Delay_us
    lcd.o(i.LCD_Init) refers to lcd.o(i.LCD_SSD_BackLightSet) for LCD_SSD_BackLightSet
    lcd.o(i.LCD_Init) refers to lcd.o(i.LCD_Display_Dir) for LCD_Display_Dir
    lcd.o(i.LCD_Init) refers to stm32f4xx_hal_gpio.o(i.HAL_GPIO_WritePin) for HAL_GPIO_WritePin
    lcd.o(i.LCD_Init) refers to lcd.o(i.LCD_Clear) for LCD_Clear
    lcd.o(i.LCD_ReadPoint) refers to lcd.o(i.LCD_SetCursor) for LCD_SetCursor
[...]
    i.SDIO_PowerState_ON                     0x0800511c   Section        0  stm32f4xx_ll_sdmmc.o(i.SDIO_PowerState_ON)
    i.SDIO_ReadFIFO                          0x08005124   Section        0  stm32f4xx_ll_sdmmc.o(i.SDIO_ReadFIFO)
    i.SDIO_SendCommand                       0x0800512a   Section        0  stm32f4xx_ll_sdmmc.o(i.SDIO_SendCommand)
    i.SDMMC_CmdAppCommand                    0x0800514a   Section        0  stm32f4xx_ll_sdmmc.o(i.SDMMC_CmdAppCommand)
    i.SDMMC_CmdAppOperCommand                0x0800517c   Section        0  stm32f4xx_ll_sdmmc.o(i.SDMMC_CmdAppOperCommand)
    i.SDMMC_CmdBlockLength                   0x080051b0   Section        0  stm32f4xx_ll_sdmmc.o(i.SDMMC_CmdBlockLength)
    i.SDMMC_CmdBusWidth                      0x080051e2   Section        0  stm32f4xx_ll_sdmmc.o(i.SDMMC_CmdBusWidth)
    i.SDMMC_CmdGoIdleState                   0x08005214   Section        0  stm32f4xx_ll_sdmmc.o(i.SDMMC_CmdGoIdleState)
    i.SDMMC_CmdOperCond                      0x08005264   Section        0  stm32f4xx_ll_sdmmc.o(i.SDMMC_CmdOperCond)
    i.SDMMC_CmdReadMultiBlock                0x08005294   Section        0  stm32f4xx_ll_sdmmc.o(i.SDMMC_CmdReadMultiBlock)
    i.SDMMC_CmdReadSingleBlock               0x080052c6   Section        0  stm32f4xx_ll_sdmmc.o(i.SDMMC_CmdReadSingleBlock)
    i.SDMMC_CmdSelDesel                      0x080052f8   Section        0  stm32f4xx_ll_sdmmc.o(i.SDMMC_CmdSelDesel)
    i.SDMMC_CmdSendCID                       0x0800532a   Section        0  stm32f4xx_ll_sdmmc.o(i.SDMMC_CmdSendCID)
    i.SDMMC_CmdSendCSD                       0x08005356   Section        0  stm32f4xx_ll_sdmmc.o(i.SDMMC_CmdSendCSD)
    i.SDMMC_CmdSendSCR                       0x08005382   Section        0  stm32f4xx_ll_sdmmc.o(i.SDMMC_CmdSendSCR)
    i.SDMMC_CmdSendStatus                    0x080053b2   Section        0  stm32f4xx_ll_sdmmc.o(i.SDMMC_CmdSendStatus)
    i.SDMMC_CmdSetRelAdd                     0x080053e4   Section        0  stm32f4xx_ll_sdmmc.o(i.SDMMC_CmdSetRelAdd)
    i.SDMMC_CmdStopTransfer                  0x08005414   Section        0  stm32f4xx_ll_sdmmc.o(i.SDMMC_CmdStopTransfer)
    i.SDMMC_CmdWriteMultiBlock               0x08005448   Section        0  stm32f4xx_ll_sdmmc.o(i.SDMMC_CmdWriteMultiBlock)
    i.SDMMC_CmdWriteSingleBlock              0x0800547a   Section        0  stm32f4xx_ll_sdmmc.o(i.SDMMC_CmdWriteSingleBlock)
    i.SDMMC_GetCmdResp1                      0x080054ac   Section        0  stm32f4xx_ll_sdmmc.o(i.SDMMC_GetCmdResp1)
    i.SDMMC_GetCmdResp2                      0x080055cc   Section        0  stm32f4xx_ll_sdmmc.o(i.SDMMC_GetCmdResp2)
    i.SDMMC_GetCmdResp3                      0x0800561c   Section        0  stm32f4xx_ll_sdmmc.o(i.SDMMC_GetCmdResp3)
    i.SDMMC_GetCmdResp6                      0x08005660   Section        0  stm32f4xx_ll_sdmmc.o(i.SDMMC_GetCmdResp6)
    i.SDMMC_GetCmdResp7                      0x080056e8   Section        0  stm32f4xx_ll_sdmmc.o(i.SDMMC_GetCmdResp7)
    i.SD_CheckStatus                         0x08005740   Section        0  sd_diskio.o(i.SD_CheckStatus)
    SD_CheckStatus                           0x08005741   Thumb Code    26  sd_diskio.o(i.SD_CheckStatus)
    i.SD_CheckStatusWithTimeout              0x08005760   Section        0  sd_diskio.o(i.SD_CheckStatusWithTimeout)
    SD_CheckStatusWithTimeout                0x08005761   Thumb Code    36  sd_diskio.o(i.SD_CheckStatusWithTimeout)
    i.SD_DMAError                            0x08005784   Section        0  stm32f4xx_hal_sd.o(i.SD_DMAError)
    SD_DMAError                              0x08005785   Thumb Code    96  stm32f4xx_hal_sd.o(i.SD_DMAError)
    i.SD_DMAReceiveCplt                      0x080057e8   Section        0  stm32f4xx_hal_sd.o(i.SD_DMAReceiveCplt)
    SD_DMAReceiveCplt                        0x080057e9   Thumb Code    66  stm32f4xx_hal_sd.o(i.SD_DMAReceiveCplt)
    i.SD_DMATransmitCplt                     0x0800582a   Section        0  stm32f4xx_hal_sd.o(i.SD_DMATransmitCplt)
    SD_DMATransmitCplt                       0x0800582b   Thumb Code    14  stm32f4xx_hal_sd.o(i.SD_DMATransmitCplt)
    i.SD_FindSCR                             0x08005838   Section        0  stm32f4xx_hal_sd.o(i.SD_FindSCR)
    SD_FindSCR                               0x08005839   Thumb Code   218  stm32f4xx_hal_sd.o(i.SD_FindSCR)
    i.SD_InitCard                            0x08005912   Section        0  stm32f4xx_hal_sd.o(i.SD_InitCard)
    SD_InitCard                              0x08005913   Thumb Code   238  stm32f4xx_hal_sd.o(i.SD_InitCard)
    i.SD_PowerON                             0x08005a00   Section        0  stm32f4xx_hal_sd.o(i.SD_PowerON)
    SD_PowerON                               0x08005a01   Thumb Code   174  stm32f4xx_hal_sd.o(i.SD_PowerON)
    i.SD_initialize                          0x08005ab4   Section        0  sd_diskio.o(i.SD_initialize)
    i.SD_ioctl                               0x08005ad0   Section        0  sd_diskio.o(i.SD_ioctl)
    i.SD_read                                0x08005b20   Section        0  sd_diskio.o(i.SD_read)
    i.SD_status                              0x08005b98   Section        0  sd_diskio.o(i.SD_status)
    i.SD_write                               0x08005b9c   Section        0  sd_diskio.o(i.SD_write)
    i.SVC_Handler                            0x08005c14   Section        0  stm32f4xx_it.o(i.SVC_Handler)
    i.SysTick_Handler                        0x08005c16   Section        0  stm32f4xx_it.o(i.SysTick_Handler)
    i.SystemClock_Config                     0x08005c1c   Section        0  main.o(i.SystemClock_Config)
    i.SystemInit                             0x08005cb0   Section        0  system_stm32f4xx.o(i.SystemInit)
    i.UART_DMAAbortOnError                   0x08005cc0   Section        0  stm32f4xx_hal_uart.o(i.UART_DMAAbortOnError)
    UART_DMAAbortOnError                     0x08005cc1   Thumb Code    16  stm32f4xx_hal_uart.o(i.UART_DMAAbortOnError)
    i.UART_EndRxTransfer                     0x08005cd0   Section        0  stm32f4xx_hal_uart.o(i.UART_EndRxTransfer)
    UART_EndRxTransfer                       0x08005cd1   Thumb Code    78  stm32f4xx_hal_uart.o(i.UART_EndRxTransfer)
    i.UART_Receive_IT                        0x08005d1e   Section        0  stm32f4xx_hal_uart.o(i.UART_Receive_IT)
    UART_Receive_IT                          0x08005d1f   Thumb Code   192  stm32f4xx_hal_uart.o(i.UART_Receive_IT)
    i.UART_SetConfig                         0x08005de0   Section        0  stm32f4xx_hal_uart.o(i.UART_SetConfig)
    UART_SetConfig                           0x08005de1   Thumb Code   258  stm32f4xx_hal_uart.o(i.UART_SetConfig)
    i.USART1_IRQHandler                      0x08005eec   Section        0  stm32f4xx_it.o(i.USART1_IRQHandler)
    i.USART2_IRQHandler                      0x08005ef8   Section        0  stm32f4xx_it.o(i.USART2_IRQHandler)
    i.UsageFault_Handler                     0x08005f04   Section        0  stm32f4xx_it.o(i.UsageFault_Handler)
    i.__0sprintf$2                           0x08005f08   Section        0  printf2.o(i.__0sprintf$2)
    i.__NVIC_SetPriority                     0x08005f30   Section        0  stm32f4xx_hal_cortex.o(i.__NVIC_SetPriority)
    __NVIC_SetPriority                       0x08005f31   Thumb Code    32  stm32f4xx_hal_cortex.o(i.__NVIC_SetPriority)
    i.__scatterload_copy                     0x08005f50   Section       14  handlers.o(i.__scatterload_copy)
    i.__scatterload_null                     0x08005f5e   Section        2  handlers.o(i.__scatterload_null)
    i.__scatterload_zeroinit                 0x08005f60   Section       14  handlers.o(i.__scatterload_zeroinit)
    i._printf_core                           0x08005f6e   Section        0  printf2.o(i._printf_core)
    _printf_core                             0x08005f6f   Thumb Code   214  printf2.o(i._printf_core)
    i._sputc                                 0x08006044   Section        0  printf2.o(i._sputc)
    _sputc                                   0x08006045   Thumb Code    10  printf2.o(i._sputc)
    i.check_fs                               0x08006050   Section        0  ff.o(i.check_fs)
    check_fs                                 0x08006051   Thumb Code   102  ff.o(i.check_fs)
    i.chk_chr                                0x080060c0   Section        0  ff.o(i.chk_chr)
    chk_chr                                  0x080060c1   Thumb Code    16  ff.o(i.chk_chr)
    i.chk_lock                               0x080060d0   Section        0  ff.o(i.chk_lock)
    chk_lock                                 0x080060d1   Thumb Code    86  ff.o(i.chk_lock)
    i.clear_lock                             0x0800612c   Section        0  ff.o(i.clear_lock)
    clear_lock                               0x0800612d   Thumb Code    28  ff.o(i.clear_lock)
    i.clmt_clust                             0x0800614c   Section        0  ff.o(i.clmt_clust)
    clmt_clust                               0x0800614d   Thumb Code    36  ff.o(i.clmt_clust)
    i.clust2sect                             0x08006170   Section        0  ff.o(i.clust2sect)
    clust2sect                               0x08006171   Thumb Code    24  ff.o(i.clust2sect)
    i.cmp_lfn                                0x08006188   Section        0  ff.o(i.cmp_lfn)
    cmp_lfn                                  0x08006189   Thumb Code   124  ff.o(i.cmp_lfn)
    i.create_chain                           0x08006208   Section        0  ff.o(i.create_chain)
    create_chain                             0x08006209   Thumb Code   164  ff.o(i.create_chain)
    i.create_name                            0x080062ac   Section        0  ff.o(i.create_name)
    create_name                              0x080062ad   Thumb Code   560  ff.o(i.create_name)
    i.dec_lock                               0x080064f0   Section        0  ff.o(i.dec_lock)
    dec_lock                                 0x080064f1   Thumb Code    48  ff.o(i.dec_lock)
    i.dir_find                               0x08006524   Section        0  ff.o(i.dir_find)
    dir_find                                 0x08006525   Thumb Code   208  ff.o(i.dir_find)
    i.dir_next                               0x080065f4   Section        0  ff.o(i.dir_next)
    dir_next                                 0x080065f5   Thumb Code   244  ff.o(i.dir_next)
    i.dir_register                           0x080066e8   Section        0  ff.o(i.dir_register)
    dir_register                             0x080066e9   Thumb Code   480  ff.o(i.dir_register)
    i.dir_sdi                                0x080068cc   Section        0  ff.o(i.dir_sdi)
    dir_sdi                                  0x080068cd   Thumb Code   130  ff.o(i.dir_sdi)
    i.disk_initialize                        0x08006950   Section        0  diskio.o(i.disk_initialize)
    i.disk_ioctl                             0x08006978   Section        0  diskio.o(i.disk_ioctl)
    i.disk_read                              0x08006994   Section        0  diskio.o(i.disk_read)
    i.disk_status                            0x080069b0   Section        0  diskio.o(i.disk_status)
    i.disk_write                             0x080069c8   Section        0  diskio.o(i.disk_write)
    i.f_close                                0x080069e4   Section        0  ff.o(i.f_close)
    i.f_gets                                 0x08006a0c   Section        0  ff.o(i.f_gets)
    i.f_mkfs                                 0x08006a54   Section        0  ff.o(i.f_mkfs)
    i.f_mount                                0x08006fa0   Section        0  ff.o(i.f_mount)
    i.f_open                                 0x08006ff8   Section        0  ff.o(i.f_open)
    i.f_read                                 0x0800723c   Section        0  ff.o(i.f_read)
    i.f_sync                                 0x0800738e   Section        0  ff.o(i.f_sync)
    i.ff_convert                             0x0800741c   Section        0  cc936.o(i.ff_convert)
    i.ff_memalloc                            0x08007468   Section        0  syscall.o(i.ff_memalloc)
    i.ff_memfree                             0x0800746c   Section        0  syscall.o(i.ff_memfree)
    i.ff_wtoupper                            0x08007470   Section        0  cc936.o(i.ff_wtoupper)
    i.find_volume                            0x080074f0   Section        0  ff.o(i.find_volume)
    find_volume                              0x080074f1   Thumb Code   582  ff.o(i.find_volume)
    i.follow_path                            0x08007744   Section        0  ff.o(i.follow_path)
    follow_path                              0x08007745   Thumb Code   116  ff.o(i.follow_path)
    i.free                                   0x080077b8   Section        0  malloc.o(i.free)
    i.gen_numname                            0x08007808   Section        0  ff.o(i.gen_numname)
    gen_numname                              0x08007809   Thumb Code   136  ff.o(i.gen_numname)
    i.get_fat                                0x08007894   Section        0  ff.o(i.get_fat)
    get_fat                                  0x08007895   Thumb Code   190  ff.o(i.get_fat)
    i.get_fattime                            0x08007952   Section        0  fatfs.o(i.get_fattime)
    i.get_ldnumber                           0x08007956   Section        0  ff.o(i.get_ldnumber)
    get_ldnumber                             0x08007957   Thumb Code    60  ff.o(i.get_ldnumber)
    i.inc_lock                               0x08007994   Section        0  ff.o(i.inc_lock)
    inc_lock                                 0x08007995   Thumb Code   124  ff.o(i.inc_lock)
    i.ld_clust                               0x08007a14   Section        0  ff.o(i.ld_clust)
    ld_clust                                 0x08007a15   Thumb Code    38  ff.o(i.ld_clust)
    i.ld_dword                               0x08007a3a   Section        0  ff.o(i.ld_dword)
    ld_dword                                 0x08007a3b   Thumb Code    22  ff.o(i.ld_dword)
    i.ld_word                                0x08007a50   Section        0  ff.o(i.ld_word)
    ld_word                                  0x08007a51   Thumb Code    10  ff.o(i.ld_word)
    i.main                                   0x08007a5c   Section        0  main.o(i.main)
    i.main_page                              0x08007bc8   Section        0  main.o(i.main_page)
    i.malloc                                 0x08007c7c   Section        0  malloc.o(i.malloc)
    i.mem_cpy                                0x08007ce8   Section        0  ff.o(i.mem_cpy)
    mem_cpy                                  0x08007ce9   Thumb Code    18  ff.o(i.mem_cpy)
    i.mem_set                                0x08007cfc   Section        0  ff.o(i.mem_set)
    mem_set                                  0x08007cfd   Thumb Code    14  ff.o(i.mem_set)
    i.move_window                            0x08007d0a   Section        0  ff.o(i.move_window)
    move_window                              0x08007d0b   Thumb Code    50  ff.o(i.move_window)
    i.put_fat                                0x08007d3c   Section        0  ff.o(i.put_fat)
    put_fat                                  0x08007d3d   Thumb Code   234  ff.o(i.put_fat)
    i.read_id                                0x08007e28   Section        0  main.o(i.read_id)
    i.remove_chain                           0x08007e58   Section        0  ff.o(i.remove_chain)
    remove_chain                             0x08007e59   Thumb Code   116  ff.o(i.remove_chain)
    i.st_clust                               0x08007ecc   Section        0  ff.o(i.st_clust)
    st_clust                                 0x08007ecd   Thumb Code    40  ff.o(i.st_clust)
    i.st_dword                               0x08007ef4   Section        0  ff.o(i.st_dword)
    st_dword                                 0x08007ef5   Thumb Code    16  ff.o(i.st_dword)
    i.st_word                                0x08007f04   Section        0  ff.o(i.st_word)
    st_word                                  0x08007f05   Thumb Code     8  ff.o(i.st_word)
    i.sum_sfn                                0x08007f0c   Section        0  ff.o(i.sum_sfn)
    sum_sfn                                  0x08007f0d   Thumb Code    26  ff.o(i.sum_sfn)
    i.sync_fs                                0x08007f28   Section        0  ff.o(i.sync_fs)
    sync_fs                                  0x08007f29   Thumb Code   126  ff.o(i.sync_fs)
    i.sync_window                            0x08007fb0   Section        0  ff.o(i.sync_window)
    sync_window                              0x08007fb1   Thumb Code    82  ff.o(i.sync_window)
    i.validate                               0x08008002   Section        0  ff.o(i.validate)
    validate                                 0x08008003   Thumb Code    52  ff.o(i.validate)
    .constdata                               0x08008036   Section    18240  lcd.o(.constdata)
    .constdata                               0x0800c776   Section        8  stm32f4xx_hal_dma.o(.constdata)
    flagBitshiftOffset                       0x0800c776   Data           8  stm32f4xx_hal_dma.o(.constdata)
    .constdata                               0x0800c77e   Section       16  system_stm32f4xx.o(.constdata)
    .constdata                               0x0800c78e   Section        8  system_stm32f4xx.o(.constdata)
    .constdata                               0x0800c798   Section       20  sd_diskio.o(.constdata)
    .constdata                               0x0800c7ac   Section       42  ff.o(.constdata)
    LfnOfs                                   0x0800c7ac   Data          13  ff.o(.constdata)
    cst                                      0x0800c7ba   Data          14  ff.o(.constdata)
    cst32                                    0x0800c7c8   Data          14  ff.o(.constdata)
    .constdata                               0x0800c7d6   Section    175030  cc936.o(.constdata)
    uni2oem                                  0x0800c7d6   Data       87172  cc936.o(.constdata)
    oem2uni                                  0x08021c5a   Data       87172  cc936.o(.constdata)
    cvt1                                     0x080370de   Data         498  cc936.o(.constdata)
    cvt2                                     0x080372d0   Data         188  cc936.o(.constdata)
    .data                                    0x20000000   Section        8  lcd.o(.data)
    .data                                    0x20000008   Section        4  system_stm32f4xx.o(.data)
    .data                                    0x2000000c   Section        8  ff.o(.data)
    Fsid                                     0x2000000c   Data           2  ff.o(.data)
    FatFs                                    0x20000010   Data           4  ff.o(.data)
    .data                                    0x20000014   Section        4  mvars.o(.data)
    .bss                                     0x20000018   Section       94  lcd.o(.bss)
    .bss                                     0x20000076   Section    100524  main.o(.bss)
    .bss                                     0x20018924   Section      136  usart.o(.bss)
    .bss                                     0x200189ac   Section      564  fatfs.o(.bss)
    .bss                                     0x20018be0   Section      560  fatfs.o(.bss)
    .bss                                     0x20018e10   Section       32  ff.o(.bss)
    Files                                    0x20018e10   Data          32  ff.o(.bss)
    .data                                    0x2001c000   Section       98  main.o(.data)
    .data                                    0x2001c064   Section        8  fsmc.o(.data)
    FSMC_Initialized                         0x2001c064   Data           4  fsmc.o(.data)
    FSMC_DeInitialized                       0x2001c068   Data           4  fsmc.o(.data)
    .data                                    0x2001c06c   Section       12  stm32f4xx_hal.o(.data)
    .data                                    0x2001c078   Section       12  sd_diskio.o(.data)
    Stat                                     0x2001c078   Data           1  sd_diskio.o(.data)
    WriteStatus                              0x2001c07c   Data           4  sd_diskio.o(.data)
    ReadStatus                               0x2001c080   Data           4  sd_diskio.o(.data)
    .data                                    0x2001c084   Section        5  fatfs.o(.data)
    .data                                    0x2001c08c   Section        4  mvars.o(.data)
    .bss                                     0x2001c090   Section       80  fsmc.o(.bss)
    .bss                                     0x2001c0e0   Section      324  sdio.o(.bss)
    .bss                                     0x2001c224   Section       12  ff_gen_drv.o(.bss)
    HEAP                                     0x2001c230   Section     2048  startup_stm32f407xx.o(HEAP)
    STACK                                    0x2001ca30   Section     1024  startup_stm32f407xx.o(STACK)

    Global Symbols

    Symbol Name                              Value     Ov Type        Size  Object(Section)

    BuildAttributes$$THM_ISAv4$E$P$D$K$B$S$7EM$VFPi3$EXTD16$VFPS$VFMA$PE$A:L22UL41UL21$X:L11$S22US41US21$IEEE1$IW$USESV6$~STKCKD$USESV7$~SHL$OSPACE$ROPI$EBA8$MICROLIB$REQ8$PRES8$EABIv2 0x00000000   Number         0  anon$$obj.o ABSOLUTE
    __ARM_use_no_argv                        0x00000000   Number         0  main.o ABSOLUTE
    _printf_a                                0x00000000   Number         0  stubs.o ABSOLUTE
    _printf_c                                0x00000000   Number         0  stubs.o ABSOLUTE
    _printf_charcount                        0x00000000   Number         0  stubs.o ABSOLUTE
    _printf_d                                0x00000000   Number         0  stubs.o ABSOLUTE
    _printf_e                                0x00000000   Number         0  stubs.o ABSOLUTE
    _printf_f                                0x00000000   Number         0  stubs.o ABSOLUTE
    _printf_flags                            0x00000000   Number         0  stubs.o ABSOLUTE
    _printf_fp_dec                           0x00000000   Number         0  stubs.o ABSOLUTE
    _printf_fp_hex                           0x00000000   Number         0  stubs.o ABSOLUTE
    _printf_g                                0x00000000   Number         0  stubs.o ABSOLUTE
    _printf_i                                0x00000000   Number         0  stubs.o ABSOLUTE
    _printf_int_dec                          0x00000000   Number         0  stubs.o ABSOLUTE
    _printf_l                                0x00000000   Number         0  stubs.o ABSOLUTE
    _printf_lc                               0x00000000   Number         0  stubs.o ABSOLUTE
    _printf_ll                               0x00000000   Number         0  stubs.o ABSOLUTE
    _printf_lld                              0x00000000   Number         0  stubs.o ABSOLUTE
    _printf_lli                              0x00000000   Number         0  stubs.o ABSOLUTE
    _printf_llo                              0x00000000   Number         0  stubs.o ABSOLUTE
    _printf_llu                              0x00000000   Number         0  stubs.o ABSOLUTE
    _printf_llx                              0x00000000   Number         0  stubs.o ABSOLUTE
    _printf_longlong_dec                     0x00000000   Number         0  stubs.o ABSOLUTE
    _printf_longlong_hex                     0x00000000   Number         0  stubs.o ABSOLUTE
    _printf_longlong_oct                     0x00000000   Number         0  stubs.o ABSOLUTE
    _printf_ls                               0x00000000   Number         0  stubs.o ABSOLUTE
    _printf_mbtowc                           0x00000000   Number         0  stubs.o ABSOLUTE
    _printf_n                                0x00000000   Number         0  stubs.o ABSOLUTE
    _printf_o                                0x00000000   Number         0  stubs.o ABSOLUTE
    _printf_p                                0x00000000   Number         0  stubs.o ABSOLUTE
    _printf_percent                          0x00000000   Number         0  stubs.o ABSOLUTE
    _printf_pre_padding                      0x00000000   Number         0  stubs.o ABSOLUTE
    _printf_return_value                     0x00000000   Number         0  stubs.o ABSOLUTE
    _printf_s                                0x00000000   Number         0  stubs.o ABSOLUTE
    _printf_sizespec                         0x00000000   Number         0  stubs.o ABSOLUTE
    _printf_str                              0x00000000   Number         0  stubs.o ABSOLUTE
    _printf_truncate_signed                  0x00000000   Number         0  stubs.o ABSOLUTE
    _printf_truncate_unsigned                0x00000000   Number         0  stubs.o ABSOLUTE
    _printf_u                                0x00000000   Number         0  stubs.o ABSOLUTE
    _printf_wc                               0x00000000   Number         0  stubs.o ABSOLUTE
    _printf_wctomb                           0x00000000   Number         0  stubs.o ABSOLUTE
    _printf_widthprec                        0x00000000   Number         0  stubs.o ABSOLUTE
    _printf_x                                0x00000000   Number         0  stubs.o ABSOLUTE
    __cpp_initialize__aeabi_                  - Undefined Weak Reference
    __cxa_finalize                            - Undefined Weak Reference
    __decompress                              - Undefined Weak Reference
    _clock_init                               - Undefined Weak Reference
    _microlib_exit                            - Undefined Weak Reference
    __Vectors_Size                           0x00000188   Number         0  startup_stm32f407xx.o ABSOLUTE
    __Vectors                                0x08000000   Data           4  startup_stm32f407xx.o(RESET)
    __Vectors_End                            0x08000188   Data           0  startup_stm32f407xx.o(RESET)
    __main                                   0x08000189   Thumb Code     0  entry.o(.ARM.Collect$$$$00000000)
    _main_stk                                0x08000189   Thumb Code     0  entry2.o(.ARM.Collect$$$$00000001)
    _main_scatterload                        0x0800018d   Thumb Code     0  entry5.o(.ARM.Collect$$$$00000004)
    __main_after_scatterload                 0x08000191   Thumb Code     0  entry5.o(.ARM.Collect$$$$00000004)
    _main_clock                              0x08000191   Thumb Code     0  entry7b.o(.ARM.Collect$$$$00000008)
    _main_cpp_init                           0x08000191   Thumb Code     0  entry8b.o(.ARM.Collect$$$$0000000A)
    _main_init                               0x08000191   Thumb Code     0  entry9a.o(.ARM.Collect$$$$0000000B)
    __rt_final_cpp                           0x08000199   Thumb Code     0  entry10a.o(.ARM.Collect$$$$0000000D)
    __rt_final_exit                          0x08000199   Thumb Code     0  entry11a.o(.ARM.Collect$$$$0000000F)
    Reset_Handler                            0x0800019d   Thumb Code     8  startup_stm32f407xx.o(.text)
    ADC_IRQHandler                           0x080001b7   Thumb Code     0  startup_stm32f407xx.o(.text)
    CAN1_RX0_IRQHandler                      0x080001b7   Thumb Code     0  startup_stm32f407xx.o(.text)
    CAN1_RX1_IRQHandler                      0x080001b7   Thumb Code     0  startup_stm32f407xx.o(.text)
    CAN1_SCE_IRQHandler                      0x080001b7   Thumb Code     0  startup_stm32f407xx.o(.text)
    CAN1_TX_IRQHandler                       0x080001b7   Thumb Code     0  startup_stm32f407xx.o(.text)
    CAN2_RX0_IRQHandler                      0x080001b7   Thumb Code     0  startup_stm32f407xx.o(.text)
    CAN2_RX1_IRQHandler                      0x080001b7   Thumb Code     0  startup_stm32f407xx.o(.text)
    CAN2_SCE_IRQHandler                      0x080001b7   Thumb Code     0  startup_stm32f407xx.o(.text)
    CAN2_TX_IRQHandler                       0x080001b7   Thumb Code     0  startup_stm32f407xx.o(.text)
    DCMI_IRQHandler                          0x080001b7   Thumb Code     0  startup_stm32f407xx.o(.text)
    DMA1_Stream0_IRQHandler                  0x080001b7   Thumb Code     0  startup_stm32f407xx.o(.text)
    DMA1_Stream1_IRQHandler                  0x080001b7   Thumb Code     0  startup_stm32f407xx.o(.text)
    DMA1_Stream2_IRQHandler                  0x080001b7   Thumb Code     0  startup_stm32f407xx.o(.text)
    DMA1_Stream3_IRQHandler                  0x080001b7   Thumb Code     0  startup_stm32f407xx.o(.text)
    DMA1_Stream4_IRQHandler                  0x080001b7   Thumb Code     0  startup_stm32f407xx.o(.text)
    DMA1_Stream5_IRQHandler                  0x080001b7   Thumb Code     0  startup_stm32f407xx.o(.text)
    DMA1_Stream6_IRQHandler                  0x080001b7   Thumb Code     0  startup_stm32f407xx.o(.text)
    DMA1_Stream7_IRQHandler                  0x080001b7   Thumb Code     0  startup_stm32f407xx.o(.text)
    DMA2_Stream0_IRQHandler                  0x080001b7   Thumb Code     0  startup_stm32f407xx.o(.text)
    DMA2_Stream1_IRQHandler                  0x080001b7   Thumb Code     0  startup_stm32f407xx.o(.text)
    DMA2_Stream2_IRQHandler                  0x080001b7   Thumb Code     0  startup_stm32f407xx.o(.text)
    DMA2_Stream4_IRQHandler                  0x080001b7   Thumb Code     0  startup_stm32f407xx.o(.text)
    DMA2_Stream5_IRQHandler                  0x080001b7   Thumb Code     0  startup_stm32f407xx.o(.text)
    DMA2_Stream7_IRQHandler                  0x080001b7   Thumb Code     0  startup_stm32f407xx.o(.text)
    ETH_IRQHandler                           0x080001b7   Thumb Code     0  startup_stm32f407xx.o(.text)
    ETH_WKUP_IRQHandler                      0x080001b7   Thumb Code     0  startup_stm32f407xx.o(.text)
    EXTI0_IRQHandler                         0x080001b7   Thumb Code     0  startup_stm32f407xx.o(.text)
    EXTI15_10_IRQHandler                     0x080001b7   Thumb Code     0  startup_stm32f407xx.o(.text)
    EXTI1_IRQHandler                         0x080001b7   Thumb Code     0  startup_stm32f407xx.o(.text)
    EXTI2_IRQHandler                         0x080001b7   Thumb Code     0  startup_stm32f407xx.o(.text)
    EXTI3_IRQHandler                         0x080001b7   Thumb Code     0  startup_stm32f407xx.o(.text)
    EXTI4_IRQHandler                         0x080001b7   Thumb Code     0  startup_stm32f407xx.o(.text)
    EXTI9_5_IRQHandler                       0x080001b7   Thumb Code     0  startup_stm32f407xx.o(.text)
    FLASH_IRQHandler                         0x080001b7   Thumb Code     0  startup_stm32f407xx.o(.text)
    FMC_IRQHandler                           0x080001b7   Thumb Code     0  startup_stm32f407xx.o(.text)
    FPU_IRQHandler                           0x080001b7   Thumb Code     0  startup_stm32f407xx.o(.text)
    HASH_RNG_IRQHandler                      0x080001b7   Thumb Code     0  startup_stm32f407xx.o(.text)
    I2C1_ER_IRQHandler                       0x080001b7   Thumb Code     0  startup_stm32f407xx.o(.text)
    I2C1_EV_IRQHandler                       0x080001b7   Thumb Code     0  startup_stm32f407xx.o(.text)
    I2C2_ER_IRQHandler                       0x080001b7   Thumb Code     0  startup_stm32f407xx.o(.text)
    I2C2_EV_IRQHandler                       0x080001b7   Thumb Code     0  startup_stm32f407xx.o(.text)
    I2C3_ER_IRQHandler                       0x080001b7   Thumb Code     0  startup_stm32f407xx.o(.text)
    I2C3_EV_IRQHandler                       0x080001b7   Thumb Code     0  startup_stm32f407xx.o(.text)
    OTG_FS_IRQHandler                        0x080001b7   Thumb Code     0  startup_stm32f407xx.o(.text)
    OTG_FS_WKUP_IRQHandler                   0x080001b7   Thumb Code     0  startup_stm32f407xx.o(.text)
    OTG_HS_EP1_IN_IRQHandler                 0x080001b7   Thumb Code     0  startup_stm32f407xx.o(.text)
    OTG_HS_EP1_OUT_IRQHandler                0x080001b7   Thumb Code     0  startup_stm32f407xx.o(.text)
    OTG_HS_IRQHandler                        0x080001b7   Thumb Code     0  startup_stm32f407xx.o(.text)
    OTG_HS_WKUP_IRQHandler                   0x080001b7   Thumb Code     0  startup_stm32f407xx.o(.text)
    PVD_IRQHandler                           0x080001b7   Thumb Code     0  startup_stm32f407xx.o(.text)
    RCC_IRQHandler                           0x080001b7   Thumb Code     0  startup_stm32f407xx.o(.text)
    RTC_Alarm_IRQHandler                     0x080001b7   Thumb Code     0  startup_stm32f407xx.o(.text)
    RTC_WKUP_IRQHandler                      0x080001b7   Thumb Code     0  startup_stm32f407xx.o(.text)
    SDIO_IRQHandler                          0x080001b7   Thumb Code     0  startup_stm32f407xx.o(.text)
    SPI1_IRQHandler                          0x080001b7   Thumb Code     0  startup_stm32f407xx.o(.text)
    SPI2_IRQHandler                          0x080001b7   Thumb Code     0  startup_stm32f407xx.o(.text)
    SPI3_IRQHandler                          0x080001b7   Thumb Code     0  startup_stm32f407xx.o(.text)
    TAMP_STAMP_IRQHandler                    0x080001b7   Thumb Code     0  startup_stm32f407xx.o(.text)
    TIM1_BRK_TIM9_IRQHandler                 0x080001b7   Thumb Code     0  startup_stm32f407xx.o(.text)
    TIM1_CC_IRQHandler                       0x080001b7   Thumb Code     0  startup_stm32f407xx.o(.text)
    TIM1_TRG_COM_TIM11_IRQHandler            0x080001b7   Thumb Code     0  startup_stm32f407xx.o(.text)
    TIM1_UP_TIM10_IRQHandler                 0x080001b7   Thumb Code     0  startup_stm32f407xx.o(.text)
    TIM2_IRQHandler                          0x080001b7   Thumb Code     0  startup_stm32f407xx.o(.text)
    TIM3_IRQHandler                          0x080001b7   Thumb Code     0  startup_stm32f407xx.o(.text)
    TIM4_IRQHandler                          0x080001b7   Thumb Code     0  startup_stm32f407xx.o(.text)
    TIM5_IRQHandler                          0x080001b7   Thumb Code     0  startup_stm32f407xx.o(.text)
    TIM6_DAC_IRQHandler                      0x080001b7   Thumb Code     0  startup_stm32f407xx.o(.text)
    TIM7_IRQHandler                          0x080001b7   Thumb Code     0  startup_stm32f407xx.o(.text)
    TIM8_BRK_TIM12_IRQHandler                0x080001b7   Thumb Code     0  startup_stm32f407xx.o(.text)
    TIM8_CC_IRQHandler                       0x080001b7   Thumb Code     0  startup_stm32f407xx.o(.text)
    TIM8_TRG_COM_TIM14_IRQHandler            0x080001b7   Thumb Code     0  startup_stm32f407xx.o(.text)
    TIM8_UP_TIM13_IRQHandler                 0x080001b7   Thumb Code     0  startup_stm32f407xx.o(.text)
    UART4_IRQHandler                         0x080001b7   Thumb Code     0  startup_stm32f407xx.o(.text)
    UART5_IRQHandler                         0x080001b7   Thumb Code     0  startup_stm32f407xx.o(.text)
    USART3_IRQHandler                        0x080001b7   Thumb Code     0  startup_stm32f407xx.o(.text)
    USART6_IRQHandler                        0x080001b7   Thumb Code     0  startup_stm32f407xx.o(.text)
    WWDG_IRQHandler                          0x080001b7   Thumb Code     0  startup_stm32f407xx.o(.text)
    __aeabi_uldivmod                         0x080001c1   Thumb Code    98  uldiv.o(.text)
    __aeabi_memset                           0x08000223   Thumb Code    14  memseta.o(.text)
    __aeabi_memset4                          0x08000223   Thumb Code     0  memseta.o(.text)
    __aeabi_memset8                          0x08000223   Thumb Code     0  memseta.o(.text)
    __aeabi_memclr                           0x08000231   Thumb Code     4  memseta.o(.text)
    __aeabi_memclr4                          0x08000231   Thumb Code     0  memseta.o(.text)
    __aeabi_memclr8                          0x08000231   Thumb Code     0  memseta.o(.text)
    _memset$wrapper                          0x08000235   Thumb Code    18  memseta.o(.text)
    strcmp                                   0x08000247   Thumb Code    28  strcmp.o(.text)
    __aeabi_dmul                             0x08000263   Thumb Code   228  dmul.o(.text)
    __aeabi_ui2d                             0x08000347   Thumb Code    26  dfltui.o(.text)
    __aeabi_d2uiz                            0x08000361   Thumb Code    50  dfixui.o(.text)
    __aeabi_llsl                             0x08000393   Thumb Code    30  llshl.o(.text)
    _ll_shift_l                              0x08000393   Thumb Code     0  llshl.o(.text)
    __aeabi_llsr                             0x080003b1   Thumb Code    32  llushr.o(.text)
    _ll_ushift_r                             0x080003b1   Thumb Code     0  llushr.o(.text)
    __I$use$fp                               0x080003d1   Thumb Code     0  iusefp.o(.text)
    _double_round                            0x080003d1   Thumb Code    30  depilogue.o(.text)
    _double_epilogue                         0x080003ef   Thumb Code   156  depilogue.o(.text)
    __scatterload                            0x0800048d   Thumb Code    28  init.o(.text)
    __scatterload_rt2                        0x0800048d   Thumb Code     0  init.o(.text)
    BSP_SD_GetCardInfo                       0x080004b1   Thumb Code     8  bsp_driver_sd.o(i.BSP_SD_GetCardInfo)
    BSP_SD_GetCardState                      0x080004bd   Thumb Code    20  bsp_driver_sd.o(i.BSP_SD_GetCardState)
    BSP_SD_Init                              0x080004d5   Thumb Code    42  bsp_driver_sd.o(i.BSP_SD_Init)
    BSP_SD_IsDetected                        0x08000505   Thumb Code    14  bsp_driver_sd.o(i.BSP_SD_IsDetected)
    BSP_SD_ReadBlocks_DMA                    0x08000515   Thumb Code    24  bsp_driver_sd.o(i.BSP_SD_ReadBlocks_DMA)
    BSP_SD_ReadCpltCallback                  0x08000531   Thumb Code     8  sd_diskio.o(i.BSP_SD_ReadCpltCallback)
    BSP_SD_WriteBlocks_DMA                   0x0800053d   Thumb Code    24  bsp_driver_sd.o(i.BSP_SD_WriteBlocks_DMA)
    BusFault_Handler                         0x08000559   Thumb Code     2  stm32f4xx_it.o(i.BusFault_Handler)
    DMA2_Stream3_IRQHandler                  0x0800055d   Thumb Code     6  stm32f4xx_it.o(i.DMA2_Stream3_IRQHandler)
    DMA2_Stream6_IRQHandler                  0x08000569   Thumb Code     6  stm32f4xx_it.o(i.DMA2_Stream6_IRQHandler)
    DebugMon_Handler                         0x08000619   Thumb Code     2  stm32f4xx_it.o(i.DebugMon_Handler)
    Error_Handler                            0x0800061b   Thumb Code     4  main.o(i.Error_Handler)
    FATFS_LinkDriver                         0x0800061f   Thumb Code     6  ff_gen_drv.o(i.FATFS_LinkDriver)
    FATFS_LinkDriverEx                       0x08000625   Thumb Code    58  ff_gen_drv.o(i.FATFS_LinkDriverEx)
    FSMC_NORSRAM_Extended_Timing_Init        0x08000665   Thumb Code    56  stm32f4xx_ll_fsmc.o(i.FSMC_NORSRAM_Extended_Timing_Init)
    FSMC_NORSRAM_Init                        0x080006a1   Thumb Code    98  stm32f4xx_ll_fsmc.o(i.FSMC_NORSRAM_Init)
    FSMC_NORSRAM_Timing_Init                 0x08000709   Thumb Code    64  stm32f4xx_ll_fsmc.o(i.FSMC_NORSRAM_Timing_Init)
    HAL_DMA_Abort                            0x0800074d   Thumb Code   146  stm32f4xx_hal_dma.o(i.HAL_DMA_Abort)
    HAL_DMA_Abort_IT                         0x080007df   Thumb Code    36  stm32f4xx_hal_dma.o(i.HAL_DMA_Abort_IT)
    HAL_DMA_GetError                         0x08000803   Thumb Code     4  stm32f4xx_hal_dma.o(i.HAL_DMA_GetError)
    HAL_DMA_IRQHandler                       0x08000809   Thumb Code   412  stm32f4xx_hal_dma.o(i.HAL_DMA_IRQHandler)
    HAL_DMA_Init                             0x080009a9   Thumb Code   206  stm32f4xx_hal_dma.o(i.HAL_DMA_Init)
    HAL_DMA_Start_IT                         0x08000a7d   Thumb Code   110  stm32f4xx_hal_dma.o(i.HAL_DMA_Start_IT)
    HAL_Delay                                0x08000aed   Thumb Code    32  stm32f4xx_hal.o(i.HAL_Delay)
    HAL_Delay_us                             0x08000b11   Thumb Code    44  main.o(i.HAL_Delay_us)
    HAL_GPIO_Init                            0x08000be9   Thumb Code   450  stm32f4xx_hal_gpio.o(i.HAL_GPIO_Init)
    HAL_GPIO_WritePin                        0x08000dd9   Thumb Code    10  stm32f4xx_hal_gpio.o(i.HAL_GPIO_WritePin)
    HAL_GetTick                              0x08000de5   Thumb Code     6  stm32f4xx_hal.o(i.HAL_GetTick)
    HAL_IncTick                              0x08000df1   Thumb Code    12  stm32f4xx_hal.o(i.HAL_IncTick)
    HAL_Init                                 0x08000e01   Thumb Code    48  stm32f4xx_hal.o(i.HAL_Init)
    HAL_InitTick                             0x08000e35   Thumb Code    54  stm32f4xx_hal.o(i.HAL_InitTick)
    HAL_MspInit                              0x08000e75   Thumb Code    48  stm32f4xx_hal_msp.o(i.HAL_MspInit)
    HAL_NVIC_EnableIRQ                       0x08000ea9   Thumb Code    26  stm32f4xx_hal_cortex.o(i.HAL_NVIC_EnableIRQ)
    HAL_NVIC_SetPriority                     0x08000ec5   Thumb Code    60  stm32f4xx_hal_cortex.o(i.HAL_NVIC_SetPriority)
    HAL_NVIC_SetPriorityGrouping             0x08000f05   Thumb Code    26  stm32f4xx_hal_cortex.o(i.HAL_NVIC_SetPriorityGrouping)
    HAL_RCC_ClockConfig                      0x08000f29   Thumb Code   288  stm32f4xx_hal_rcc.o(i.HAL_RCC_ClockConfig)
    HAL_RCC_GetHCLKFreq                      0x0800105d   Thumb Code     6  stm32f4xx_hal_rcc.o(i.HAL_RCC_GetHCLKFreq)
    HAL_RCC_GetPCLK1Freq                     0x08001069   Thumb Code    20  stm32f4xx_hal_rcc.o(i.HAL_RCC_GetPCLK1Freq)
    HAL_RCC_GetPCLK2Freq                     0x08001089   Thumb Code    20  stm32f4xx_hal_rcc.o(i.HAL_RCC_GetPCLK2Freq)
    HAL_RCC_GetSysClockFreq                  0x080010a9   Thumb Code    88  stm32f4xx_hal_rcc.o(i.HAL_RCC_GetSysClockFreq)
    HAL_RCC_OscConfig                        0x08001109   Thumb Code   856  stm32f4xx_hal_rcc.o(i.HAL_RCC_OscConfig)
    HAL_SD_ConfigWideBusOperation            0x08001475   Thumb Code   276  stm32f4xx_hal_sd.o(i.HAL_SD_ConfigWideBusOperation)
    HAL_SD_ErrorCallback                     0x0800158d   Thumb Code     2  stm32f4xx_hal_sd.o(i.HAL_SD_ErrorCallback)
    HAL_SD_GetCardCSD                        0x08001591   Thumb Code   402  stm32f4xx_hal_sd.o(i.HAL_SD_GetCardCSD)
    HAL_SD_GetCardInfo                       0x08001729   Thumb Code    36  stm32f4xx_hal_sd.o(i.HAL_SD_GetCardInfo)
    HAL_SD_GetCardState                      0x0800174d   Thumb Code    44  stm32f4xx_hal_sd.o(i.HAL_SD_GetCardState)
    HAL_SD_Init                              0x08001779   Thumb Code    54  stm32f4xx_hal_sd.o(i.HAL_SD_Init)
    HAL_SD_InitCard                          0x080017b1   Thumb Code   116  stm32f4xx_hal_sd.o(i.HAL_SD_InitCard)
    HAL_SD_MspInit                           0x0800182d   Thumb Code   268  sdio.o(i.HAL_SD_MspInit)
    HAL_SD_ReadBlocks_DMA                    0x08001951   Thumb Code   276  stm32f4xx_hal_sd.o(i.HAL_SD_ReadBlocks_DMA)
    HAL_SD_RxCpltCallback                    0x08001a75   Thumb Code     8  bsp_driver_sd.o(i.HAL_SD_RxCpltCallback)
    HAL_SD_WriteBlocks_DMA                   0x08001a7d   Thumb Code   270  stm32f4xx_hal_sd.o(i.HAL_SD_WriteBlocks_DMA)
    HAL_SRAM_Init                            0x08001b9d   Thumb Code    92  stm32f4xx_hal_sram.o(i.HAL_SRAM_Init)
    HAL_SRAM_MspInit                         0x08001bf9   Thumb Code     4  fsmc.o(i.HAL_SRAM_MspInit)
    HAL_SYSTICK_Config                       0x08001bfd   Thumb Code    40  stm32f4xx_hal_cortex.o(i.HAL_SYSTICK_Config)
    HAL_UARTEx_RxEventCallback               0x08001c25   Thumb Code     2  stm32f4xx_hal_uart.o(i.HAL_UARTEx_RxEventCallback)
    HAL_UART_ErrorCallback                   0x08001c27   Thumb Code     2  stm32f4xx_hal_uart.o(i.HAL_UART_ErrorCallback)
    HAL_UART_IRQHandler                      0x08001c29   Thumb Code   610  stm32f4xx_hal_uart.o(i.HAL_UART_IRQHandler)
    HAL_UART_Init                            0x08001e91   Thumb Code    98  stm32f4xx_hal_uart.o(i.HAL_UART_Init)
    HAL_UART_MspInit                         0x08001ef5   Thumb Code   182  usart.o(i.HAL_UART_MspInit)
    HAL_UART_RxCpltCallback                  0x08001fbd   Thumb Code     2  stm32f4xx_hal_uart.o(i.HAL_UART_RxCpltCallback)
    HAL_UART_TxCpltCallback                  0x08001fbf   Thumb Code     2  stm32f4xx_hal_uart.o(i.HAL_UART_TxCpltCallback)
    HardFault_Handler                        0x08001fc1   Thumb Code     2  stm32f4xx_it.o(i.HardFault_Handler)
    JzKey                                    0x08001fc5   Thumb Code   248  key.o(i.JzKey)
    LCD_Clear                                0x080020c1   Thumb Code    48  lcd.o(i.LCD_Clear)
    LCD_Display_Dir                          0x080020f5   Thumb Code   180  lcd.o(i.LCD_Display_Dir)
    LCD_Fast_DrawPoint                       0x080021ad   Thumb Code   202  lcd.o(i.LCD_Fast_DrawPoint)
    LCD_Init                                 0x0800227d   Thumb Code  9642  lcd.o(i.LCD_Init)
    LCD_RD_DATA                              0x0800482d   Thumb Code    20  lcd.o(i.LCD_RD_DATA)
    LCD_SSD_BackLightSet                     0x08004841   Thumb Code    72  lcd.o(i.LCD_SSD_BackLightSet)
    LCD_Scan_Dir                             0x08004891   Thumb Code   380  lcd.o(i.LCD_Scan_Dir)
    LCD_SetCursor                            0x08004a11   Thumb Code   238  lcd.o(i.LCD_SetCursor)
    LCD_ShowChar                             0x08004b05   Thumb Code   204  lcd.o(i.LCD_ShowChar)
    LCD_ShowLine                             0x08004be9   Thumb Code    34  lcd.o(i.LCD_ShowLine)
    LCD_ShowString                           0x08004c0b   Thumb Code    84  lcd.o(i.LCD_ShowString)
    LCD_WR_DATA                              0x08004c5f   Thumb Code    24  lcd.o(i.LCD_WR_DATA)
    LCD_WR_REG                               0x08004c77   Thumb Code    24  lcd.o(i.LCD_WR_REG)
    LCD_WriteRAM_Prepare                     0x08004c91   Thumb Code    14  lcd.o(i.LCD_WriteRAM_Prepare)
    LCD_WriteReg                             0x08004ca5   Thumb Code    12  lcd.o(i.LCD_WriteReg)
    Load_Data                                0x08004cb1   Thumb Code   170  main.o(i.Load_Data)
    Load_Id                                  0x08004d8d   Thumb Code   130  main.o(i.Load_Id)
    MX_DMA_Init                              0x08004e49   Thumb Code    56  dma.o(i.MX_DMA_Init)
    MX_FATFS_Init                            0x08004e85   Thumb Code    18  fatfs.o(i.MX_FATFS_Init)
    MX_FSMC_Init                             0x08004ea1   Thumb Code   128  fsmc.o(i.MX_FSMC_Init)
    MX_GPIO_Init                             0x08004f29   Thumb Code   250  gpio.o(i.MX_GPIO_Init)
    MX_SDIO_SD_Init                          0x08005031   Thumb Code    22  sdio.o(i.MX_SDIO_SD_Init)
    MX_USART1_UART_Init                      0x08005051   Thumb Code    48  usart.o(i.MX_USART1_UART_Init)
    MX_USART2_UART_Init                      0x08005089   Thumb Code    48  usart.o(i.MX_USART2_UART_Init)
    MemManage_Handler                        0x080050c1   Thumb Code     2  stm32f4xx_it.o(i.MemManage_Handler)
    NMI_Handler                              0x080050c3   Thumb Code     2  stm32f4xx_it.o(i.NMI_Handler)
    PendSV_Handler                           0x080050c5   Thumb Code     2  stm32f4xx_it.o(i.PendSV_Handler)
    SDIO_ConfigData                          0x080050c7   Thumb Code    36  stm32f4xx_ll_sdmmc.o(i.SDIO_ConfigData)
    SDIO_GetPowerState                       0x080050eb   Thumb Code     8  stm32f4xx_ll_sdmmc.o(i.SDIO_GetPowerState)
    SDIO_GetResponse                         0x080050f3   Thumb Code     6  stm32f4xx_ll_sdmmc.o(i.SDIO_GetResponse)
    SDIO_Init                                0x080050f9   Thumb Code    36  stm32f4xx_ll_sdmmc.o(i.SDIO_Init)
    SDIO_PowerState_ON                       0x0800511d   Thumb Code     8  stm32f4xx_ll_sdmmc.o(i.SDIO_PowerState_ON)
    SDIO_ReadFIFO                            0x08005125   Thumb Code     6  stm32f4xx_ll_sdmmc.o(i.SDIO_ReadFIFO)
    SDIO_SendCommand                         0x0800512b   Thumb Code    32  stm32f4xx_ll_sdmmc.o(i.SDIO_SendCommand)
    SDMMC_CmdAppCommand                      0x0800514b   Thumb Code    50  stm32f4xx_ll_sdmmc.o(i.SDMMC_CmdAppCommand)
    SDMMC_CmdAppOperCommand                  0x0800517d   Thumb Code    48  stm32f4xx_ll_sdmmc.o(i.SDMMC_CmdAppOperCommand)
    SDMMC_CmdBlockLength                     0x080051b1   Thumb Code    50  stm32f4xx_ll_sdmmc.o(i.SDMMC_CmdBlockLength)
    SDMMC_CmdBusWidth                        0x080051e3   Thumb Code    50  stm32f4xx_ll_sdmmc.o(i.SDMMC_CmdBusWidth)
    SDMMC_CmdGoIdleState                     0x08005215   Thumb Code    74  stm32f4xx_ll_sdmmc.o(i.SDMMC_CmdGoIdleState)
    SDMMC_CmdOperCond                        0x08005265   Thumb Code    48  stm32f4xx_ll_sdmmc.o(i.SDMMC_CmdOperCond)
    SDMMC_CmdReadMultiBlock                  0x08005295   Thumb Code    50  stm32f4xx_ll_sdmmc.o(i.SDMMC_CmdReadMultiBlock)
    SDMMC_CmdReadSingleBlock                 0x080052c7   Thumb Code    50  stm32f4xx_ll_sdmmc.o(i.SDMMC_CmdReadSingleBlock)
    SDMMC_CmdSelDesel                        0x080052f9   Thumb Code    50  stm32f4xx_ll_sdmmc.o(i.SDMMC_CmdSelDesel)
    SDMMC_CmdSendCID                         0x0800532b   Thumb Code    44  stm32f4xx_ll_sdmmc.o(i.SDMMC_CmdSendCID)
    SDMMC_CmdSendCSD                         0x08005357   Thumb Code    44  stm32f4xx_ll_sdmmc.o(i.SDMMC_CmdSendCSD)
    SDMMC_CmdSendSCR                         0x08005383   Thumb Code    48  stm32f4xx_ll_sdmmc.o(i.SDMMC_CmdSendSCR)
    SDMMC_CmdSendStatus                      0x080053b3   Thumb Code    50  stm32f4xx_ll_sdmmc.o(i.SDMMC_CmdSendStatus)
    SDMMC_CmdSetRelAdd                       0x080053e5   Thumb Code    48  stm32f4xx_ll_sdmmc.o(i.SDMMC_CmdSetRelAdd)
    SDMMC_CmdStopTransfer                    0x08005415   Thumb Code    46  stm32f4xx_ll_sdmmc.o(i.SDMMC_CmdStopTransfer)
    SDMMC_CmdWriteMultiBlock                 0x08005449   Thumb Code    50  stm32f4xx_ll_sdmmc.o(i.SDMMC_CmdWriteMultiBlock)
    SDMMC_CmdWriteSingleBlock                0x0800547b   Thumb Code    50  stm32f4xx_ll_sdmmc.o(i.SDMMC_CmdWriteSingleBlock)
    SDMMC_GetCmdResp1                        0x080054ad   Thumb Code   278  stm32f4xx_ll_sdmmc.o(i.SDMMC_GetCmdResp1)
    SDMMC_GetCmdResp2                        0x080055cd   Thumb Code    76  stm32f4xx_ll_sdmmc.o(i.SDMMC_GetCmdResp2)
    SDMMC_GetCmdResp3                        0x0800561d   Thumb Code    62  stm32f4xx_ll_sdmmc.o(i.SDMMC_GetCmdResp3)
    SDMMC_GetCmdResp6                        0x08005661   Thumb Code   130  stm32f4xx_ll_sdmmc.o(i.SDMMC_GetCmdResp6)
    SDMMC_GetCmdResp7                        0x080056e9   Thumb Code    82  stm32f4xx_ll_sdmmc.o(i.SDMMC_GetCmdResp7)
    SD_initialize                            0x08005ab5   Thumb Code    24  sd_diskio.o(i.SD_initialize)
    SD_ioctl                                 0x08005ad1   Thumb Code    76  sd_diskio.o(i.SD_ioctl)
    SD_read                                  0x08005b21   Thumb Code   114  sd_diskio.o(i.SD_read)
    SD_status                                0x08005b99   Thumb Code     4  sd_diskio.o(i.SD_status)
    SD_write                                 0x08005b9d   Thumb Code   114  sd_diskio.o(i.SD_write)
    SVC_Handler                              0x08005c15   Thumb Code     2  stm32f4xx_it.o(i.SVC_Handler)
    SysTick_Handler                          0x08005c17   Thumb Code     4  stm32f4xx_it.o(i.SysTick_Handler)
    SystemClock_Config                       0x08005c1d   Thumb Code   140  main.o(i.SystemClock_Config)
    SystemInit                               0x08005cb1   Thumb Code    12  system_stm32f4xx.o(i.SystemInit)
    USART1_IRQHandler                        0x08005eed   Thumb Code     6  stm32f4xx_it.o(i.USART1_IRQHandler)
    USART2_IRQHandler                        0x08005ef9   Thumb Code     6  stm32f4xx_it.o(i.USART2_IRQHandler)
    UsageFault_Handler                       0x08005f05   Thumb Code     2  stm32f4xx_it.o(i.UsageFault_Handler)
    __0sprintf$2                             0x08005f09   Thumb Code    34  printf2.o(i.__0sprintf$2)
    __1sprintf$2                             0x08005f09   Thumb Code     0  printf2.o(i.__0sprintf$2)
    __2sprintf                               0x08005f09   Thumb Code     0  printf2.o(i.__0sprintf$2)
    __scatterload_copy                       0x08005f51   Thumb Code    14  handlers.o(i.__scatterload_copy)
    __scatterload_null                       0x08005f5f   Thumb Code     2  handlers.o(i.__scatterload_null)
    __scatterload_zeroinit                   0x08005f61   Thumb Code    14  handlers.o(i.__scatterload_zeroinit)
    disk_initialize                          0x08006951   Thumb Code    36  diskio.o(i.disk_initialize)
    disk_ioctl                               0x08006979   Thumb Code    24  diskio.o(i.disk_ioctl)
    disk_read                                0x08006995   Thumb Code    24  diskio.o(i.disk_read)
    disk_status                              0x080069b1   Thumb Code    18  diskio.o(i.disk_status)
    disk_write                               0x080069c9   Thumb Code    24  diskio.o(i.disk_write)
    f_close                                  0x080069e5   Thumb Code    40  ff.o(i.f_close)
    f_gets                                   0x08006a0d   Thumb Code    72  ff.o(i.f_gets)
    f_mkfs                                   0x08006a55   Thumb Code  1352  ff.o(i.f_mkfs)
    f_mount                                  0x08006fa1   Thumb Code    84  ff.o(i.f_mount)
    f_open                                   0x08006ff9   Thumb Code   574  ff.o(i.f_open)
    f_read                                   0x0800723d   Thumb Code   338  ff.o(i.f_read)
    f_sync                                   0x0800738f   Thumb Code   142  ff.o(i.f_sync)
    ff_convert                               0x0800741d   Thumb Code    68  cc936.o(i.ff_convert)
    ff_memalloc                              0x08007469   Thumb Code     4  syscall.o(i.ff_memalloc)
    ff_memfree                               0x0800746d   Thumb Code     4  syscall.o(i.ff_memfree)
    ff_wtoupper                              0x08007471   Thumb Code   120  cc936.o(i.ff_wtoupper)
    free                                     0x080077b9   Thumb Code    76  malloc.o(i.free)
    get_fattime                              0x08007953   Thumb Code     4  fatfs.o(i.get_fattime)
    main                                     0x08007a5d   Thumb Code   230  main.o(i.main)
    main_page                                0x08007bc9   Thumb Code    86  main.o(i.main_page)
    malloc                                   0x08007c7d   Thumb Code    92  malloc.o(i.malloc)
    read_id                                  0x08007e29   Thumb Code    40  main.o(i.read_id)
    asc2_1206                                0x08008036   Data        1140  lcd.o(.constdata)
    asc2_1608                                0x080084aa   Data        1520  lcd.o(.constdata)
    asc2_2412                                0x08008a9a   Data        3420  lcd.o(.constdata)
    asc2_3216                                0x080097f6   Data       12160  lcd.o(.constdata)
    AHBPrescTable                            0x0800c77e   Data          16  system_stm32f4xx.o(.constdata)
    APBPrescTable                            0x0800c78e   Data           8  system_stm32f4xx.o(.constdata)
    SD_Driver                                0x0800c798   Data          20  sd_diskio.o(.constdata)
    Region$$Table$$Base                      0x0803738c   Number         0  anon$$obj.o(Region$$Table)
    Region$$Table$$Limit                     0x080373cc   Number         0  anon$$obj.o(Region$$Table)
    POINT_COLOR                              0x20000000   Data           4  lcd.o(.data)
    BACK_COLOR                               0x20000004   Data           4  lcd.o(.data)
    SystemCoreClock                          0x20000008   Data           4  system_stm32f4xx.o(.data)
    __microlib_freelist_initialised          0x20000014   Data           4  mvars.o(.data)
    TFTSRAM_Handler                          0x20000018   Data          80  lcd.o(.bss)
    lcddev                                   0x20000068   Data          14  lcd.o(.bss)
    work                                     0x20000076   Data         512  main.o(.bss)
    wBuff                                    0x20000276   Data         512  main.o(.bss)
    id_number                                0x20000476   Data        2000  main.o(.bss)
    Yy_Wz                                    0x20000c46   Data       19500  main.o(.bss)
    Fk_Wz                                    0x20005872   Data       19500  main.o(.bss)
    Sj_Wz                                    0x2000a49e   Data       19500  main.o(.bss)
    Dk_Wz                                    0x2000f0ca   Data       19500  main.o(.bss)
    Jx_Wz                                    0x20013cf6   Data       19500  main.o(.bss)
    huart1                                   0x20018924   Data          68  usart.o(.bss)
    huart2                                   0x20018968   Data          68  usart.o(.bss)
    SDFatFS                                  0x200189ac   Data         564  fatfs.o(.bss)
    SDFile                                   0x20018be0   Data         560  fatfs.o(.bss)
    filename_id                              0x2001c000   Data          13  main.o(.data)
    filename_yy                              0x2001c00d   Data          15  main.o(.data)
    filename_dk                              0x2001c01c   Data          15  main.o(.data)
    filename_sj                              0x2001c02b   Data          15  main.o(.data)
    filename_jx                              0x2001c03a   Data          15  main.o(.data)
    filename_fk                              0x2001c049   Data          15  main.o(.data)
    card_id                                  0x2001c058   Data          10  main.o(.data)
    uwTickFreq                               0x2001c06c   Data           1  stm32f4xx_hal.o(.data)
    uwTickPrio                               0x2001c070   Data           4  stm32f4xx_hal.o(.data)
    uwTick                                   0x2001c074   Data           4  stm32f4xx_hal.o(.data)
    retSD                                    0x2001c084   Data           1  fatfs.o(.data)
    SDPath                                   0x2001c085   Data           4  fatfs.o(.data)
    __microlib_freelist                      0x2001c08c   Data           4  mvars.o(.data)
    hsram1                                   0x2001c090   Data          80  fsmc.o(.bss)
    hsd                                      0x2001c0e0   Data         132  sdio.o(.bss)
    hdma_sdio_rx                             0x2001c164   Data          96  sdio.o(.bss)
    hdma_sdio_tx                             0x2001c1c4   Data          96  sdio.o(.bss)
    disk                                     0x2001c224   Data          12  ff_gen_drv.o(.bss)
    __heap_base                              0x2001c230   Data           0  startup_stm32f407xx.o(HEAP)
    __heap_limit                             0x2001ca30   Data           0  startup_stm32f407xx.o(HEAP)
    __initial_sp                             0x2001ce30   Data           0  startup_stm32f407xx.o(STACK)



==============================================================================

Memory Map of the image

  Image Entry point : 0x08000189

  Load Region LR_IROM1 (Base: 0x08000000, Size: 0x00037474, Max: 0x00100000, ABSOLUTE)

    Execution Region ER_IROM1 (Exec base: 0x08000000, Load base: 0x08000000, Size: 0x000373cc, Max: 0x00100000, ABSOLUTE)

    Exec Addr    Load Addr    Size         Type   Attr      Idx    E Section Name        Object

    0x08000000   0x08000000   0x00000188   Data   RO            3    RESET               startup_stm32f407xx.o
    0x08000188   0x08000188   0x00000000   Code   RO         3990  * .ARM.Collect$$$$00000000  mc_w.l(entry.o)
    0x08000188   0x08000188   0x00000004   Code   RO         4294    .ARM.Collect$$$$00000001  mc_w.l(entry2.o)
    0x0800018c   0x0800018c   0x00000004   Code   RO         4297    .ARM.Collect$$$$00000004  mc_w.l(entry5.o)
    0x08000190   0x08000190   0x00000000   Code   RO         4299    .ARM.Collect$$$$00000008  mc_w.l(entry7b.o)
    0x08000190   0x08000190   0x00000000   Code   RO         4301    .ARM.Collect$$$$0000000A  mc_w.l(entry8b.o)
    0x08000190   0x08000190   0x00000008   Code   RO         4302    .ARM.Collect$$$$0000000B  mc_w.l(entry9a.o)
    0x08000198   0x08000198   0x00000000   Code   RO         4304    .ARM.Collect$$$$0000000D  mc_w.l(entry10a.o)
    0x08000198   0x08000198   0x00000000   Code   RO         4306    .ARM.Collect$$$$0000000F  mc_w.l(entry11a.o)
    0x08000198   0x08000198   0x00000004   Code   RO         4295    .ARM.Collect$$$$00002712  mc_w.l(entry2.o)
    0x0800019c   0x0800019c   0x00000024   Code   RO            4    .text               startup_stm32f407xx.o
    0x080001c0   0x080001c0   0x00000062   Code   RO         3993    .text               mc_w.l(uldiv.o)
    0x08000222   0x08000222   0x00000024   Code   RO         3995    .text               mc_w.l(memseta.o)
    0x08000246   0x08000246   0x0000001c   Code   RO         3997    .text               mc_w.l(strcmp.o)
    0x08000262   0x08000262   0x000000e4   Code   RO         4288    .text               mf_w.l(dmul.o)
    0x08000346   0x08000346   0x0000001a   Code   RO         4290    .text               mf_w.l(dfltui.o)
    0x08000360   0x08000360   0x00000032   Code   RO         4292    .text               mf_w.l(dfixui.o)
    0x08000392   0x08000392   0x0000001e   Code   RO         4311    .text               mc_w.l(llshl.o)
    0x080003b0   0x080003b0   0x00000020   Code   RO         4313    .text               mc_w.l(llushr.o)
    0x080003d0   0x080003d0   0x00000000   Code   RO         4321    .text               mc_w.l(iusefp.o)
    0x080003d0   0x080003d0   0x000000ba   Code   RO         4322    .text               mf_w.l(depilogue.o)
    0x0800048a   0x0800048a   0x00000002   PAD
    0x0800048c   0x0800048c   0x00000024   Code   RO         4332    .text               mc_w.l(init.o)
    0x080004b0   0x080004b0   0x0000000c   Code   RO         3226    i.BSP_SD_GetCardInfo  bsp_driver_sd.o
    0x080004bc   0x080004bc   0x00000018   Code   RO         3227    i.BSP_SD_GetCardState  bsp_driver_sd.o
    0x080004d4   0x080004d4   0x00000030   Code   RO         3229    i.BSP_SD_Init       bsp_driver_sd.o
    0x08000504   0x08000504   0x0000000e   Code   RO         3230    i.BSP_SD_IsDetected  bsp_driver_sd.o
    0x08000512   0x08000512   0x00000002   PAD
    0x08000514   0x08000514   0x0000001c   Code   RO         3232    i.BSP_SD_ReadBlocks_DMA  bsp_driver_sd.o
    0x08000530   0x08000530   0x0000000c   Code   RO         3344    i.BSP_SD_ReadCpltCallback  sd_diskio.o
    0x0800053c   0x0800053c   0x0000001c   Code   RO         3235    i.BSP_SD_WriteBlocks_DMA  bsp_driver_sd.o
    0x08000558   0x08000558   0x00000002   Code   RO          764    i.BusFault_Handler  stm32f4xx_it.o
    0x0800055a   0x0800055a   0x00000002   PAD
    0x0800055c   0x0800055c   0x0000000c   Code   RO          765    i.DMA2_Stream3_IRQHandler  stm32f4xx_it.o
    0x08000568   0x08000568   0x0000000c   Code   RO          766    i.DMA2_Stream6_IRQHandler  stm32f4xx_it.o
    0x08000574   0x08000574   0x00000028   Code   RO         1347    i.DMA_CalcBaseAndBitshift  stm32f4xx_hal_dma.o
    0x0800059c   0x0800059c   0x00000054   Code   RO         1348    i.DMA_CheckFifoParam  stm32f4xx_hal_dma.o
    0x080005f0   0x080005f0   0x00000028   Code   RO         1349    i.DMA_SetConfig     stm32f4xx_hal_dma.o
    0x08000618   0x08000618   0x00000002   Code   RO          767    i.DebugMon_Handler  stm32f4xx_it.o
    0x0800061a   0x0800061a   0x00000004   Code   RO          444    i.Error_Handler     main.o
    0x0800061e   0x0800061e   0x00000006   Code   RO         3875    i.FATFS_LinkDriver  ff_gen_drv.o
    0x08000624   0x08000624   0x00000040   Code   RO         3876    i.FATFS_LinkDriverEx  ff_gen_drv.o
    0x08000664   0x08000664   0x0000003c   Code   RO         2028    i.FSMC_NORSRAM_Extended_Timing_Init  stm32f4xx_ll_fsmc.o
    0x080006a0   0x080006a0   0x00000068   Code   RO         2029    i.FSMC_NORSRAM_Init  stm32f4xx_ll_fsmc.o
    0x08000708   0x08000708   0x00000044   Code   RO         2030    i.FSMC_NORSRAM_Timing_Init  stm32f4xx_ll_fsmc.o
    0x0800074c   0x0800074c   0x00000092   Code   RO         1350    i.HAL_DMA_Abort     stm32f4xx_hal_dma.o
    0x080007de   0x080007de   0x00000024   Code   RO         1351    i.HAL_DMA_Abort_IT  stm32f4xx_hal_dma.o
    0x08000802   0x08000802   0x00000004   Code   RO         1353    i.HAL_DMA_GetError  stm32f4xx_hal_dma.o
    0x08000806   0x08000806   0x00000002   PAD
    0x08000808   0x08000808   0x000001a0   Code   RO         1355    i.HAL_DMA_IRQHandler  stm32f4xx_hal_dma.o
    0x080009a8   0x080009a8   0x000000d4   Code   RO         1356    i.HAL_DMA_Init      stm32f4xx_hal_dma.o
    0x08000a7c   0x08000a7c   0x0000006e   Code   RO         1360    i.HAL_DMA_Start_IT  stm32f4xx_hal_dma.o
    0x08000aea   0x08000aea   0x00000002   PAD
    0x08000aec   0x08000aec   0x00000024   Code   RO         1769    i.HAL_Delay         stm32f4xx_hal.o
    0x08000b10   0x08000b10   0x00000030   Code   RO          445    i.HAL_Delay_us      main.o
    0x08000b40   0x08000b40   0x000000a8   Code   RO          608    i.HAL_FSMC_MspInit  fsmc.o
    0x08000be8   0x08000be8   0x000001f0   Code   RO         1243    i.HAL_GPIO_Init     stm32f4xx_hal_gpio.o
    0x08000dd8   0x08000dd8   0x0000000a   Code   RO         1247    i.HAL_GPIO_WritePin  stm32f4xx_hal_gpio.o
    0x08000de2   0x08000de2   0x00000002   PAD
    0x08000de4   0x08000de4   0x0000000c   Code   RO         1775    i.HAL_GetTick       stm32f4xx_hal.o
    0x08000df0   0x08000df0   0x00000010   Code   RO         1781    i.HAL_IncTick       stm32f4xx_hal.o
    0x08000e00   0x08000e00   0x00000034   Code   RO         1782    i.HAL_Init          stm32f4xx_hal.o
    0x08000e34   0x08000e34   0x00000040   Code   RO         1783    i.HAL_InitTick      stm32f4xx_hal.o
    0x08000e74   0x08000e74   0x00000034   Code   RO          864    i.HAL_MspInit       stm32f4xx_hal_msp.o
    0x08000ea8   0x08000ea8   0x0000001a   Code   RO         1632    i.HAL_NVIC_EnableIRQ  stm32f4xx_hal_cortex.o
    0x08000ec2   0x08000ec2   0x00000002   PAD
    0x08000ec4   0x08000ec4   0x00000040   Code   RO         1638    i.HAL_NVIC_SetPriority  stm32f4xx_hal_cortex.o
    0x08000f04   0x08000f04   0x00000024   Code   RO         1639    i.HAL_NVIC_SetPriorityGrouping  stm32f4xx_hal_cortex.o
    0x08000f28   0x08000f28   0x00000134   Code   RO          889    i.HAL_RCC_ClockConfig  stm32f4xx_hal_rcc.o
    0x0800105c   0x0800105c   0x0000000c   Code   RO          894    i.HAL_RCC_GetHCLKFreq  stm32f4xx_hal_rcc.o
    0x08001068   0x08001068   0x00000020   Code   RO          896    i.HAL_RCC_GetPCLK1Freq  stm32f4xx_hal_rcc.o
    0x08001088   0x08001088   0x00000020   Code   RO          897    i.HAL_RCC_GetPCLK2Freq  stm32f4xx_hal_rcc.o
    0x080010a8   0x080010a8   0x00000060   Code   RO          898    i.HAL_RCC_GetSysClockFreq  stm32f4xx_hal_rcc.o
    0x08001108   0x08001108   0x0000036c   Code   RO          901    i.HAL_RCC_OscConfig  stm32f4xx_hal_rcc.o
    0x08001474   0x08001474   0x00000118   Code   RO         2570    i.HAL_SD_ConfigWideBusOperation  stm32f4xx_hal_sd.o
    0x0800158c   0x0800158c   0x00000002   Code   RO         2573    i.HAL_SD_ErrorCallback  stm32f4xx_hal_sd.o
    0x0800158e   0x0800158e   0x00000002   PAD
    0x08001590   0x08001590   0x00000198   Code   RO         2575    i.HAL_SD_GetCardCSD  stm32f4xx_hal_sd.o
    0x08001728   0x08001728   0x00000024   Code   RO         2576    i.HAL_SD_GetCardInfo  stm32f4xx_hal_sd.o
    0x0800174c   0x0800174c   0x0000002c   Code   RO         2577    i.HAL_SD_GetCardState  stm32f4xx_hal_sd.o
    0x08001778   0x08001778   0x00000036   Code   RO         2582    i.HAL_SD_Init       stm32f4xx_hal_sd.o
    0x080017ae   0x080017ae   0x00000002   PAD
    0x080017b0   0x080017b0   0x0000007c   Code   RO         2583    i.HAL_SD_InitCard   stm32f4xx_hal_sd.o
    0x0800182c   0x0800182c   0x00000124   Code   RO          657    i.HAL_SD_MspInit    sdio.o
    0x08001950   0x08001950   0x00000124   Code   RO         2587    i.HAL_SD_ReadBlocks_DMA  stm32f4xx_hal_sd.o
    0x08001a74   0x08001a74   0x00000008   Code   RO         3238    i.HAL_SD_RxCpltCallback  bsp_driver_sd.o
    0x08001a7c   0x08001a7c   0x00000120   Code   RO         2592    i.HAL_SD_WriteBlocks_DMA  stm32f4xx_hal_sd.o
    0x08001b9c   0x08001b9c   0x0000005c   Code   RO         2150    i.HAL_SRAM_Init     stm32f4xx_hal_sram.o
    0x08001bf8   0x08001bf8   0x00000004   Code   RO          610    i.HAL_SRAM_MspInit  fsmc.o
    0x08001bfc   0x08001bfc   0x00000028   Code   RO         1643    i.HAL_SYSTICK_Config  stm32f4xx_hal_cortex.o
    0x08001c24   0x08001c24   0x00000002   Code   RO         2839    i.HAL_UARTEx_RxEventCallback  stm32f4xx_hal_uart.o
    0x08001c26   0x08001c26   0x00000002   Code   RO         2853    i.HAL_UART_ErrorCallback  stm32f4xx_hal_uart.o
    0x08001c28   0x08001c28   0x00000268   Code   RO         2856    i.HAL_UART_IRQHandler  stm32f4xx_hal_uart.o
    0x08001e90   0x08001e90   0x00000062   Code   RO         2857    i.HAL_UART_Init     stm32f4xx_hal_uart.o
    0x08001ef2   0x08001ef2   0x00000002   PAD
    0x08001ef4   0x08001ef4   0x000000c8   Code   RO          699    i.HAL_UART_MspInit  usart.o
    0x08001fbc   0x08001fbc   0x00000002   Code   RO         2863    i.HAL_UART_RxCpltCallback  stm32f4xx_hal_uart.o
    0x08001fbe   0x08001fbe   0x00000002   Code   RO         2868    i.HAL_UART_TxCpltCallback  stm32f4xx_hal_uart.o
    0x08001fc0   0x08001fc0   0x00000002   Code   RO          768    i.HardFault_Handler  stm32f4xx_it.o
    0x08001fc2   0x08001fc2   0x00000002   PAD
    0x08001fc4   0x08001fc4   0x000000fc   Code   RO           13    i.JzKey             key.o
    0x080020c0   0x080020c0   0x00000034   Code   RO          152    i.LCD_Clear         lcd.o
    0x080020f4   0x080020f4   0x000000b8   Code   RO          156    i.LCD_Display_Dir   lcd.o
    0x080021ac   0x080021ac   0x000000d0   Code   RO          161    i.LCD_Fast_DrawPoint  lcd.o
    0x0800227c   0x0800227c   0x000025b0   Code   RO          163    i.LCD_Init          lcd.o
    0x0800482c   0x0800482c   0x00000014   Code   RO          165    i.LCD_RD_DATA       lcd.o
    0x08004840   0x08004840   0x00000050   Code   RO          168    i.LCD_SSD_BackLightSet  lcd.o
    0x08004890   0x08004890   0x00000180   Code   RO          169    i.LCD_Scan_Dir      lcd.o
    0x08004a10   0x08004a10   0x000000f4   Code   RO          170    i.LCD_SetCursor     lcd.o
    0x08004b04   0x08004b04   0x000000e4   Code   RO          172    i.LCD_ShowChar      lcd.o
    0x08004be8   0x08004be8   0x00000022   Code   RO          173    i.LCD_ShowLine      lcd.o
    0x08004c0a   0x08004c0a   0x00000054   Code   RO          175    i.LCD_ShowString    lcd.o
    0x08004c5e   0x08004c5e   0x00000018   Code   RO          177    i.LCD_WR_DATA       lcd.o
    0x08004c76   0x08004c76   0x00000018   Code   RO          178    i.LCD_WR_REG        lcd.o
    0x08004c8e   0x08004c8e   0x00000002   PAD
    0x08004c90   0x08004c90   0x00000014   Code   RO          180    i.LCD_WriteRAM_Prepare  lcd.o
    0x08004ca4   0x08004ca4   0x0000000c   Code   RO          181    i.LCD_WriteReg      lcd.o
    0x08004cb0   0x08004cb0   0x000000dc   Code   RO          446    i.Load_Data         main.o
    0x08004d8c   0x08004d8c   0x000000bc   Code   RO          447    i.Load_Id           main.o
    0x08004e48   0x08004e48   0x0000003c   Code   RO          584    i.MX_DMA_Init       dma.o
    0x08004e84   0x08004e84   0x0000001c   Code   RO         3421    i.MX_FATFS_Init     fatfs.o
    0x08004ea0   0x08004ea0   0x00000088   Code   RO          611    i.MX_FSMC_Init      fsmc.o
    0x08004f28   0x08004f28   0x00000108   Code   RO          560    i.MX_GPIO_Init      gpio.o
    0x08005030   0x08005030   0x00000020   Code   RO          658    i.MX_SDIO_SD_Init   sdio.o
    0x08005050   0x08005050   0x00000038   Code   RO          700    i.MX_USART1_UART_Init  usart.o
    0x08005088   0x08005088   0x00000038   Code   RO          701    i.MX_USART2_UART_Init  usart.o
    0x080050c0   0x080050c0   0x00000002   Code   RO          769    i.MemManage_Handler  stm32f4xx_it.o
    0x080050c2   0x080050c2   0x00000002   Code   RO          770    i.NMI_Handler       stm32f4xx_it.o
    0x080050c4   0x080050c4   0x00000002   Code   RO          771    i.PendSV_Handler    stm32f4xx_it.o
    0x080050c6   0x080050c6   0x00000024   Code   RO         2281    i.SDIO_ConfigData   stm32f4xx_ll_sdmmc.o
    0x080050ea   0x080050ea   0x00000008   Code   RO         2285    i.SDIO_GetPowerState  stm32f4xx_ll_sdmmc.o
    0x080050f2   0x080050f2   0x00000006   Code   RO         2286    i.SDIO_GetResponse  stm32f4xx_ll_sdmmc.o
    0x080050f8   0x080050f8   0x00000024   Code   RO         2287    i.SDIO_Init         stm32f4xx_ll_sdmmc.o
    0x0800511c   0x0800511c   0x00000008   Code   RO         2289    i.SDIO_PowerState_ON  stm32f4xx_ll_sdmmc.o
    0x08005124   0x08005124   0x00000006   Code   RO         2290    i.SDIO_ReadFIFO     stm32f4xx_ll_sdmmc.o
    0x0800512a   0x0800512a   0x00000020   Code   RO         2291    i.SDIO_SendCommand  stm32f4xx_ll_sdmmc.o
    0x0800514a   0x0800514a   0x00000032   Code   RO         2294    i.SDMMC_CmdAppCommand  stm32f4xx_ll_sdmmc.o
    0x0800517c   0x0800517c   0x00000034   Code   RO         2295    i.SDMMC_CmdAppOperCommand  stm32f4xx_ll_sdmmc.o
    0x080051b0   0x080051b0   0x00000032   Code   RO         2296    i.SDMMC_CmdBlockLength  stm32f4xx_ll_sdmmc.o
    0x080051e2   0x080051e2   0x00000032   Code   RO         2297    i.SDMMC_CmdBusWidth  stm32f4xx_ll_sdmmc.o
    0x08005214   0x08005214   0x00000050   Code   RO         2301    i.SDMMC_CmdGoIdleState  stm32f4xx_ll_sdmmc.o
    0x08005264   0x08005264   0x00000030   Code   RO         2303    i.SDMMC_CmdOperCond  stm32f4xx_ll_sdmmc.o
    0x08005294   0x08005294   0x00000032   Code   RO         2304    i.SDMMC_CmdReadMultiBlock  stm32f4xx_ll_sdmmc.o
    0x080052c6   0x080052c6   0x00000032   Code   RO         2305    i.SDMMC_CmdReadSingleBlock  stm32f4xx_ll_sdmmc.o
    0x080052f8   0x080052f8   0x00000032   Code   RO         2308    i.SDMMC_CmdSelDesel  stm32f4xx_ll_sdmmc.o
    0x0800532a   0x0800532a   0x0000002c   Code   RO         2309    i.SDMMC_CmdSendCID  stm32f4xx_ll_sdmmc.o
    0x08005356   0x08005356   0x0000002c   Code   RO         2310    i.SDMMC_CmdSendCSD  stm32f4xx_ll_sdmmc.o
    0x08005382   0x08005382   0x00000030   Code   RO         2312    i.SDMMC_CmdSendSCR  stm32f4xx_ll_sdmmc.o
    0x080053b2   0x080053b2   0x00000032   Code   RO         2313    i.SDMMC_CmdSendStatus  stm32f4xx_ll_sdmmc.o
    0x080053e4   0x080053e4   0x00000030   Code   RO         2314    i.SDMMC_CmdSetRelAdd  stm32f4xx_ll_sdmmc.o
    0x08005414   0x08005414   0x00000034   Code   RO         2317    i.SDMMC_CmdStopTransfer  stm32f4xx_ll_sdmmc.o
    0x08005448   0x08005448   0x00000032   Code   RO         2319    i.SDMMC_CmdWriteMultiBlock  stm32f4xx_ll_sdmmc.o
    0x0800547a   0x0800547a   0x00000032   Code   RO         2320    i.SDMMC_CmdWriteSingleBlock  stm32f4xx_ll_sdmmc.o
    0x080054ac   0x080054ac   0x00000120   Code   RO         2321    i.SDMMC_GetCmdResp1  stm32f4xx_ll_sdmmc.o
    0x080055cc   0x080055cc   0x00000050   Code   RO         2322    i.SDMMC_GetCmdResp2  stm32f4xx_ll_sdmmc.o
    0x0800561c   0x0800561c   0x00000044   Code   RO         2323    i.SDMMC_GetCmdResp3  stm32f4xx_ll_sdmmc.o
    0x08005660   0x08005660   0x00000088   Code   RO         2324    i.SDMMC_GetCmdResp6  stm32f4xx_ll_sdmmc.o
    0x080056e8   0x080056e8   0x00000058   Code   RO         2325    i.SDMMC_GetCmdResp7  stm32f4xx_ll_sdmmc.o
    0x08005740   0x08005740   0x00000020   Code   RO         3346    i.SD_CheckStatus    sd_diskio.o
    0x08005760   0x08005760   0x00000024   Code   RO         3347    i.SD_CheckStatusWithTimeout  sd_diskio.o
    0x08005784   0x08005784   0x00000064   Code   RO         2594    i.SD_DMAError       stm32f4xx_hal_sd.o
    0x080057e8   0x080057e8   0x00000042   Code   RO         2595    i.SD_DMAReceiveCplt  stm32f4xx_hal_sd.o
    0x0800582a   0x0800582a   0x0000000e   Code   RO         2597    i.SD_DMATransmitCplt  stm32f4xx_hal_sd.o
    0x08005838   0x08005838   0x000000da   Code   RO         2599    i.SD_FindSCR        stm32f4xx_hal_sd.o
    0x08005912   0x08005912   0x000000ee   Code   RO         2600    i.SD_InitCard       stm32f4xx_hal_sd.o
    0x08005a00   0x08005a00   0x000000b4   Code   RO         2601    i.SD_PowerON        stm32f4xx_hal_sd.o
    0x08005ab4   0x08005ab4   0x0000001c   Code   RO         3348    i.SD_initialize     sd_diskio.o
    0x08005ad0   0x08005ad0   0x00000050   Code   RO         3349    i.SD_ioctl          sd_diskio.o
    0x08005b20   0x08005b20   0x00000078   Code   RO         3350    i.SD_read           sd_diskio.o
    0x08005b98   0x08005b98   0x00000004   Code   RO         3351    i.SD_status         sd_diskio.o
    0x08005b9c   0x08005b9c   0x00000078   Code   RO         3352    i.SD_write          sd_diskio.o
    0x08005c14   0x08005c14   0x00000002   Code   RO          772    i.SVC_Handler       stm32f4xx_it.o
    0x08005c16   0x08005c16   0x00000004   Code   RO          773    i.SysTick_Handler   stm32f4xx_it.o
    0x08005c1a   0x08005c1a   0x00000002   PAD
    0x08005c1c   0x08005c1c   0x00000094   Code   RO          448    i.SystemClock_Config  main.o
    0x08005cb0   0x08005cb0   0x00000010   Code   RO         3186    i.SystemInit        system_stm32f4xx.o
    0x08005cc0   0x08005cc0   0x00000010   Code   RO         2870    i.UART_DMAAbortOnError  stm32f4xx_hal_uart.o
    0x08005cd0   0x08005cd0   0x0000004e   Code   RO         2880    i.UART_EndRxTransfer  stm32f4xx_hal_uart.o
    0x08005d1e   0x08005d1e   0x000000c0   Code   RO         2882    i.UART_Receive_IT   stm32f4xx_hal_uart.o
    0x08005dde   0x08005dde   0x00000002   PAD
    0x08005de0   0x08005de0   0x0000010c   Code   RO         2883    i.UART_SetConfig    stm32f4xx_hal_uart.o
    0x08005eec   0x08005eec   0x0000000c   Code   RO          774    i.USART1_IRQHandler  stm32f4xx_it.o
    0x08005ef8   0x08005ef8   0x0000000c   Code   RO          775    i.USART2_IRQHandler  stm32f4xx_it.o
    0x08005f04   0x08005f04   0x00000002   Code   RO          776    i.UsageFault_Handler  stm32f4xx_it.o
    0x08005f06   0x08005f06   0x00000002   PAD
    0x08005f08   0x08005f08   0x00000028   Code   RO         4068    i.__0sprintf$2      mc_w.l(printf2.o)
    0x08005f30   0x08005f30   0x00000020   Code   RO         1645    i.__NVIC_SetPriority  stm32f4xx_hal_cortex.o
    0x08005f50   0x08005f50   0x0000000e   Code   RO         4338    i.__scatterload_copy  mc_w.l(handlers.o)
    0x08005f5e   0x08005f5e   0x00000002   Code   RO         4339    i.__scatterload_null  mc_w.l(handlers.o)
    0x08005f60   0x08005f60   0x0000000e   Code   RO         4340    i.__scatterload_zeroinit  mc_w.l(handlers.o)
    0x08005f6e   0x08005f6e   0x000000d6   Code   RO         4073    i._printf_core      mc_w.l(printf2.o)
    0x08006044   0x08006044   0x0000000a   Code   RO         4075    i._sputc            mc_w.l(printf2.o)
    0x0800604e   0x0800604e   0x00000002   PAD
    0x08006050   0x08006050   0x00000070   Code   RO         3514    i.check_fs          ff.o
    0x080060c0   0x080060c0   0x00000010   Code   RO         3515    i.chk_chr           ff.o
    0x080060d0   0x080060d0   0x0000005c   Code   RO         3516    i.chk_lock          ff.o
    0x0800612c   0x0800612c   0x00000020   Code   RO         3517    i.clear_lock        ff.o
    0x0800614c   0x0800614c   0x00000024   Code   RO         3518    i.clmt_clust        ff.o
    0x08006170   0x08006170   0x00000018   Code   RO         3519    i.clust2sect        ff.o
    0x08006188   0x08006188   0x00000080   Code   RO         3520    i.cmp_lfn           ff.o
    0x08006208   0x08006208   0x000000a4   Code   RO         3521    i.create_chain      ff.o
    0x080062ac   0x080062ac   0x00000244   Code   RO         3522    i.create_name       ff.o
    0x080064f0   0x080064f0   0x00000034   Code   RO         3523    i.dec_lock          ff.o
    0x08006524   0x08006524   0x000000d0   Code   RO         3524    i.dir_find          ff.o
    0x080065f4   0x080065f4   0x000000f4   Code   RO         3525    i.dir_next          ff.o
    0x080066e8   0x080066e8   0x000001e4   Code   RO         3527    i.dir_register      ff.o
    0x080068cc   0x080068cc   0x00000082   Code   RO         3529    i.dir_sdi           ff.o
    0x0800694e   0x0800694e   0x00000002   PAD
    0x08006950   0x08006950   0x00000028   Code   RO         3459    i.disk_initialize   diskio.o
    0x08006978   0x08006978   0x0000001c   Code   RO         3460    i.disk_ioctl        diskio.o
    0x08006994   0x08006994   0x0000001c   Code   RO         3461    i.disk_read         diskio.o
    0x080069b0   0x080069b0   0x00000018   Code   RO         3462    i.disk_status       diskio.o
    0x080069c8   0x080069c8   0x0000001c   Code   RO         3463    i.disk_write        diskio.o
    0x080069e4   0x080069e4   0x00000028   Code   RO         3530    i.f_close           ff.o
    0x08006a0c   0x08006a0c   0x00000048   Code   RO         3533    i.f_gets            ff.o
    0x08006a54   0x08006a54   0x0000054c   Code   RO         3536    i.f_mkfs            ff.o
    0x08006fa0   0x08006fa0   0x00000058   Code   RO         3537    i.f_mount           ff.o
    0x08006ff8   0x08006ff8   0x00000244   Code   RO         3538    i.f_open            ff.o
    0x0800723c   0x0800723c   0x00000152   Code   RO         3543    i.f_read            ff.o
    0x0800738e   0x0800738e   0x0000008e   Code   RO         3547    i.f_sync            ff.o
    0x0800741c   0x0800741c   0x0000004c   Code   RO         3961    i.ff_convert        cc936.o
    0x08007468   0x08007468   0x00000004   Code   RO         3925    i.ff_memalloc       syscall.o
    0x0800746c   0x0800746c   0x00000004   Code   RO         3926    i.ff_memfree        syscall.o
    0x08007470   0x08007470   0x00000080   Code   RO         3962    i.ff_wtoupper       cc936.o
    0x080074f0   0x080074f0   0x00000254   Code   RO         3551    i.find_volume       ff.o
    0x08007744   0x08007744   0x00000074   Code   RO         3552    i.follow_path       ff.o
    0x080077b8   0x080077b8   0x00000050   Code   RO         4260    i.free              mc_w.l(malloc.o)
    0x08007808   0x08007808   0x0000008c   Code   RO         3553    i.gen_numname       ff.o
    0x08007894   0x08007894   0x000000be   Code   RO         3554    i.get_fat           ff.o
    0x08007952   0x08007952   0x00000004   Code   RO         3422    i.get_fattime       fatfs.o
    0x08007956   0x08007956   0x0000003c   Code   RO         3556    i.get_ldnumber      ff.o
    0x08007992   0x08007992   0x00000002   PAD
    0x08007994   0x08007994   0x00000080   Code   RO         3557    i.inc_lock          ff.o
    0x08007a14   0x08007a14   0x00000026   Code   RO         3558    i.ld_clust          ff.o
    0x08007a3a   0x08007a3a   0x00000016   Code   RO         3559    i.ld_dword          ff.o
    0x08007a50   0x08007a50   0x0000000a   Code   RO         3560    i.ld_word           ff.o
    0x08007a5a   0x08007a5a   0x00000002   PAD
    0x08007a5c   0x08007a5c   0x0000016c   Code   RO          449    i.main              main.o
    0x08007bc8   0x08007bc8   0x000000b4   Code   RO          450    i.main_page         main.o
    0x08007c7c   0x08007c7c   0x0000006c   Code   RO         4261    i.malloc            mc_w.l(malloc.o)
    0x08007ce8   0x08007ce8   0x00000012   Code   RO         3561    i.mem_cpy           ff.o
    0x08007cfa   0x08007cfa   0x00000002   PAD
    0x08007cfc   0x08007cfc   0x0000000e   Code   RO         3562    i.mem_set           ff.o
    0x08007d0a   0x08007d0a   0x00000032   Code   RO         3563    i.move_window       ff.o
    0x08007d3c   0x08007d3c   0x000000ea   Code   RO         3565    i.put_fat           ff.o
    0x08007e26   0x08007e26   0x00000002   PAD
    0x08007e28   0x08007e28   0x00000030   Code   RO          451    i.read_id           main.o
    0x08007e58   0x08007e58   0x00000074   Code   RO         3568    i.remove_chain      ff.o
    0x08007ecc   0x08007ecc   0x00000028   Code   RO         3569    i.st_clust          ff.o
    0x08007ef4   0x08007ef4   0x00000010   Code   RO         3570    i.st_dword          ff.o
    0x08007f04   0x08007f04   0x00000008   Code   RO         3571    i.st_word           ff.o
    0x08007f0c   0x08007f0c   0x0000001a   Code   RO         3572    i.sum_sfn           ff.o
    0x08007f26   0x08007f26   0x00000002   PAD
    0x08007f28   0x08007f28   0x00000088   Code   RO         3573    i.sync_fs           ff.o
    0x08007fb0   0x08007fb0   0x00000052   Code   RO         3574    i.sync_window       ff.o
    0x08008002   0x08008002   0x00000034   Code   RO         3575    i.validate          ff.o
    0x08008036   0x08008036   0x00004740   Data   RO          184    .constdata          lcd.o
    0x0800c776   0x0800c776   0x00000008   Data   RO         1362    .constdata          stm32f4xx_hal_dma.o
    0x0800c77e   0x0800c77e   0x00000010   Data   RO         3187    .constdata          system_stm32f4xx.o
    0x0800c78e   0x0800c78e   0x00000008   Data   RO         3188    .constdata          system_stm32f4xx.o
    0x0800c796   0x0800c796   0x00000002   PAD
    0x0800c798   0x0800c798   0x00000014   Data   RO         3353    .constdata          sd_diskio.o
    0x0800c7ac   0x0800c7ac   0x0000002a   Data   RO         3577    .constdata          ff.o
    0x0800c7d6   0x0800c7d6   0x0002abb6   Data   RO         3963    .constdata          cc936.o
    0x0803738c   0x0803738c   0x00000040   Data   RO         4336    Region$$Table       anon$$obj.o


    Execution Region RW_IRAM1 (Exec base: 0x20000000, Load base: 0x080373cc, Size: 0x00018e30, Max: 0x0001c000, ABSOLUTE)

    Exec Addr    Load Addr    Size         Type   Attr      Idx    E Section Name        Object

    0x20000000   0x080373cc   0x00000008   Data   RW          185    .data               lcd.o
    0x20000008   0x080373d4   0x00000004   Data   RW         3189    .data               system_stm32f4xx.o
    0x2000000c   0x080373d8   0x00000008   Data   RW         3578    .data               ff.o
    0x20000014   0x080373e0   0x00000004   Data   RW         4320    .data               mc_w.l(mvars.o)
    0x20000018        -       0x0000005e   Zero   RW          183    .bss                lcd.o
    0x20000076        -       0x000188ac   Zero   RW          452    .bss                main.o
    0x20018922   0x080373e4   0x00000002   PAD
    0x20018924        -       0x00000088   Zero   RW          705    .bss                usart.o
    0x200189ac        -       0x00000234   Zero   RW         3423    .bss                fatfs.o
    0x20018be0        -       0x00000230   Zero   RW         3424    .bss                fatfs.o
    0x20018e10        -       0x00000020   Zero   RW         3576    .bss                ff.o


    Execution Region RW_IRAM2 (Exec base: 0x2001c000, Load base: 0x080373e4, Size: 0x00000e30, Max: 0x00004000, ABSOLUTE)

    Exec Addr    Load Addr    Size         Type   Attr      Idx    E Section Name        Object

    0x2001c000   0x080373e4   0x00000062   Data   RW          453    .data               main.o
    0x2001c062   0x08037446   0x00000002   PAD
    0x2001c064   0x08037448   0x00000008   Data   RW          613    .data               fsmc.o
    0x2001c06c   0x08037450   0x0000000c   Data   RW         1789    .data               stm32f4xx_hal.o
    0x2001c078   0x0803745c   0x0000000c   Data   RW         3354    .data               sd_diskio.o
    0x2001c084   0x08037468   0x00000005   Data   RW         3425    .data               fatfs.o
    0x2001c089   0x0803746d   0x00000003   PAD
    0x2001c08c   0x08037470   0x00000004   Data   RW         4319    .data               mc_w.l(mvars.o)
    0x2001c090        -       0x00000050   Zero   RW          612    .bss                fsmc.o
    0x2001c0e0        -       0x00000144   Zero   RW          659    .bss                sdio.o
    0x2001c224        -       0x0000000c   Zero   RW         3879    .bss                ff_gen_drv.o
    0x2001c230        -       0x00000800   Zero   RW            2    HEAP                startup_stm32f407xx.o
    0x2001ca30        -       0x00000400   Zero   RW            1    STACK               startup_stm32f407xx.o


==============================================================================

Image component sizes


      Code (inc. data)   RO Data    RW Data    ZI Data      Debug   Object Name

       162         22          0          0          0       4604   bsp_driver_sd.o
       204         26     175030          0          0       2527   cc936.o
       148         22          0          0          0       3769   diskio.o
        60          4          0          0          0        798   dma.o
        32         10          0          5       1124       1544   fatfs.o
      7010        170         42          8         32      43581   ff.o
        70          6          0          0         12       1651   ff_gen_drv.o
       308         32          0          8         80       2323   fsmc.o
       264         14          0          0          0       1143   gpio.o
       252          4          0          0          0     695888   key.o
     11246        102      18240          8         94      18362   lcd.o
      1200        356          0         98     100524      10834   main.o
       432         30         20         12          0       6066   sd_diskio.o
       324         34          0          0        324       1895   sdio.o
        36          8        392          0       3072        832   startup_stm32f407xx.o
       180         28          0         12          0       9465   stm32f4xx_hal.o
       198         14          0          0          0      33983   stm32f4xx_hal_cortex.o
      1088         16          8          0          0       8001   stm32f4xx_hal_dma.o
       506         46          0          0          0       2216   stm32f4xx_hal_gpio.o
        52          4          0          0          0        882   stm32f4xx_hal_msp.o
      1356         78          0          0          0       5768   stm32f4xx_hal_rcc.o
      2344         62          0          0          0      13923   stm32f4xx_hal_sd.o
        92          0          0          0          0       1232   stm32f4xx_hal_sram.o
      1276         16          0          0          0       8408   stm32f4xx_hal_uart.o
        68         24          0          0          0       6150   stm32f4xx_it.o
       232         14          0          0          0       3975   stm32f4xx_ll_fsmc.o
      1658         48          0          0          0      23182   stm32f4xx_ll_sdmmc.o
         8          0          0          0          0       1691   syscall.o
        16          4         24          4          0       1151   system_stm32f4xx.o
       312         34          0          0        136       2503   usart.o

    ----------------------------------------------------------------------
     31174       1228     193822        160     105400     918347   Object Totals
         0          0         64          0          0          0   (incl. Generated)
        40          0          2          5          2          0   (incl. Padding)

    ----------------------------------------------------------------------

      Code (inc. data)   RO Data    RW Data    ZI Data      Debug   Library Member Name

         0          0          0          0          0          0   entry.o
         0          0          0          0          0          0   entry10a.o
         0          0          0          0          0          0   entry11a.o
         8          4          0          0          0          0   entry2.o
         4          0          0          0          0          0   entry5.o
         0          0          0          0          0          0   entry7b.o
         0          0          0          0          0          0   entry8b.o
         8          4          0          0          0          0   entry9a.o
        30          0          0          0          0          0   handlers.o
        36          8          0          0          0         68   init.o
         0          0          0          0          0          0   iusefp.o
        30          0          0          0          0         68   llshl.o
        32          0          0          0          0         68   llushr.o
       188         20          0          0          0        160   malloc.o
        36          0          0          0          0        108   memseta.o
         0          0          0          8          0          0   mvars.o
       264          6          0          0          0        244   printf2.o
        28          0          0          0          0         76   strcmp.o
        98          0          0          0          0         92   uldiv.o
       186          0          0          0          0        176   depilogue.o
        50          0          0          0          0         76   dfixui.o
        26          0          0          0          0         76   dfltui.o
       228          0          0          0          0         96   dmul.o

    ----------------------------------------------------------------------
      1256         42          0          8          0       1308   Library Totals
         4          0          0          0          0          0   (incl. Padding)

    ----------------------------------------------------------------------

      Code (inc. data)   RO Data    RW Data    ZI Data      Debug   Library Name

       762         42          0          8          0        884   mc_w.l
       490          0          0          0          0        424   mf_w.l

    ----------------------------------------------------------------------
      1256         42          0          8          0       1308   Library Totals

    ----------------------------------------------------------------------

==============================================================================


      Code (inc. data)   RO Data    RW Data    ZI Data      Debug   

     32430       1270     193822        168     105400     899683   Grand Totals
     32430       1270     193822        168     105400     899683   ELF Image Totals
     32430       1270     193822        168          0          0   ROM Totals

==============================================================================

    Total RO  Size (Code + RO Data)               226252 ( 220.95kB)
    Total RW  Size (RW Data + ZI Data)            105568 ( 103.09kB)
    Total ROM Size (Code + RO Data + RW Data)     226420 ( 221.11kB)

==============================================================================

